../Core/Src/main.c:147:5:main	200	static
../Core/Src/main.c:313:6:SystemClock_Config	88	static
../Core/Src/main.c:360:13:MX_ADC1_Init	24	static
../Core/Src/main.c:444:13:MX_CAN_Init	8	static
../Core/Src/main.c:481:13:MX_I2C1_Init	8	static
../Core/Src/main.c:515:13:MX_TIM2_Init	32	static
../Core/Src/main.c:560:13:MX_TIM3_Init	32	static
../Core/Src/main.c:605:13:MX_TIM4_Init	32	static
../Core/Src/main.c:648:13:MX_DMA_Init	16	static
../Core/Src/main.c:666:13:MX_GPIO_Init	40	static
../Core/Src/main.c:694:6:HAL_ADC_ConvCpltCallback	16	static
../Core/Src/main.c:708:6:HAL_TIM_PeriodElapsedCallback	40	static
../Core/Src/main.c:840:7:map	32	static
../Core/Src/main.c:851:6:Error_Handler	8	static,ignoring_inline_asm
