../Core/Src/stm32l4xx_hal_msp.c:64:6:HAL_MspInit	8	static
../Core/Src/stm32l4xx_hal_msp.c:86:6:HAL_ADC_MspInit	128	static
../Core/Src/stm32l4xx_hal_msp.c:158:6:HAL_ADC_MspDeInit	8	static
../Core/Src/stm32l4xx_hal_msp.c:191:6:HAL_CAN_MspInit	40	static
../Core/Src/stm32l4xx_hal_msp.c:230:6:HAL_CAN_MspDeInit	8	static
../Core/Src/stm32l4xx_hal_msp.c:261:6:HAL_I2C_MspInit	120	static
../Core/Src/stm32l4xx_hal_msp.c:307:6:HAL_I2C_MspDeInit	8	static
../Core/Src/stm32l4xx_hal_msp.c:338:6:HAL_UART_MspInit	120	static
../Core/Src/stm32l4xx_hal_msp.c:387:6:HAL_UART_MspDeInit	0	static
