Archive member included to satisfy reference by file (symbol)

C:/ST/STM32CubeIDE_1.17.0/STM32CubeIDE/plugins/com.st.stm32cube.ide.mcu.externaltools.gnu-tools-for-stm32.12.3.rel1.win32_1.1.0.202410251130/tools/bin/../lib/gcc/arm-none-eabi/12.3.1/../../../../arm-none-eabi/lib/thumb/v7-m/nofp\libc_nano.a(libc_a-exit.o)
                              C:/ST/STM32CubeIDE_1.17.0/STM32CubeIDE/plugins/com.st.stm32cube.ide.mcu.externaltools.gnu-tools-for-stm32.12.3.rel1.win32_1.1.0.202410251130/tools/bin/../lib/gcc/arm-none-eabi/12.3.1/../../../../arm-none-eabi/lib/thumb/v7-m/nofp/crt0.o (exit)
C:/ST/STM32CubeIDE_1.17.0/STM32CubeIDE/plugins/com.st.stm32cube.ide.mcu.externaltools.gnu-tools-for-stm32.12.3.rel1.win32_1.1.0.202410251130/tools/bin/../lib/gcc/arm-none-eabi/12.3.1/../../../../arm-none-eabi/lib/thumb/v7-m/nofp\libc_nano.a(libc_a-findfp.o)
                              C:/ST/STM32CubeIDE_1.17.0/STM32CubeIDE/plugins/com.st.stm32cube.ide.mcu.externaltools.gnu-tools-for-stm32.12.3.rel1.win32_1.1.0.202410251130/tools/bin/../lib/gcc/arm-none-eabi/12.3.1/../../../../arm-none-eabi/lib/thumb/v7-m/nofp\libc_nano.a(libc_a-exit.o) (__stdio_exit_handler)
C:/ST/STM32CubeIDE_1.17.0/STM32CubeIDE/plugins/com.st.stm32cube.ide.mcu.externaltools.gnu-tools-for-stm32.12.3.rel1.win32_1.1.0.202410251130/tools/bin/../lib/gcc/arm-none-eabi/12.3.1/../../../../arm-none-eabi/lib/thumb/v7-m/nofp\libc_nano.a(libc_a-fwalk.o)
                              C:/ST/STM32CubeIDE_1.17.0/STM32CubeIDE/plugins/com.st.stm32cube.ide.mcu.externaltools.gnu-tools-for-stm32.12.3.rel1.win32_1.1.0.202410251130/tools/bin/../lib/gcc/arm-none-eabi/12.3.1/../../../../arm-none-eabi/lib/thumb/v7-m/nofp\libc_nano.a(libc_a-findfp.o) (_fwalk_sglue)
C:/ST/STM32CubeIDE_1.17.0/STM32CubeIDE/plugins/com.st.stm32cube.ide.mcu.externaltools.gnu-tools-for-stm32.12.3.rel1.win32_1.1.0.202410251130/tools/bin/../lib/gcc/arm-none-eabi/12.3.1/../../../../arm-none-eabi/lib/thumb/v7-m/nofp\libc_nano.a(libc_a-stdio.o)
                              C:/ST/STM32CubeIDE_1.17.0/STM32CubeIDE/plugins/com.st.stm32cube.ide.mcu.externaltools.gnu-tools-for-stm32.12.3.rel1.win32_1.1.0.202410251130/tools/bin/../lib/gcc/arm-none-eabi/12.3.1/../../../../arm-none-eabi/lib/thumb/v7-m/nofp\libc_nano.a(libc_a-findfp.o) (__sread)
C:/ST/STM32CubeIDE_1.17.0/STM32CubeIDE/plugins/com.st.stm32cube.ide.mcu.externaltools.gnu-tools-for-stm32.12.3.rel1.win32_1.1.0.202410251130/tools/bin/../lib/gcc/arm-none-eabi/12.3.1/../../../../arm-none-eabi/lib/thumb/v7-m/nofp\libc_nano.a(libc_a-memset.o)
                              C:/ST/STM32CubeIDE_1.17.0/STM32CubeIDE/plugins/com.st.stm32cube.ide.mcu.externaltools.gnu-tools-for-stm32.12.3.rel1.win32_1.1.0.202410251130/tools/bin/../lib/gcc/arm-none-eabi/12.3.1/../../../../arm-none-eabi/lib/thumb/v7-m/nofp/crt0.o (memset)
C:/ST/STM32CubeIDE_1.17.0/STM32CubeIDE/plugins/com.st.stm32cube.ide.mcu.externaltools.gnu-tools-for-stm32.12.3.rel1.win32_1.1.0.202410251130/tools/bin/../lib/gcc/arm-none-eabi/12.3.1/../../../../arm-none-eabi/lib/thumb/v7-m/nofp\libc_nano.a(libc_a-closer.o)
                              C:/ST/STM32CubeIDE_1.17.0/STM32CubeIDE/plugins/com.st.stm32cube.ide.mcu.externaltools.gnu-tools-for-stm32.12.3.rel1.win32_1.1.0.202410251130/tools/bin/../lib/gcc/arm-none-eabi/12.3.1/../../../../arm-none-eabi/lib/thumb/v7-m/nofp\libc_nano.a(libc_a-stdio.o) (_close_r)
C:/ST/STM32CubeIDE_1.17.0/STM32CubeIDE/plugins/com.st.stm32cube.ide.mcu.externaltools.gnu-tools-for-stm32.12.3.rel1.win32_1.1.0.202410251130/tools/bin/../lib/gcc/arm-none-eabi/12.3.1/../../../../arm-none-eabi/lib/thumb/v7-m/nofp\libc_nano.a(libc_a-reent.o)
                              C:/ST/STM32CubeIDE_1.17.0/STM32CubeIDE/plugins/com.st.stm32cube.ide.mcu.externaltools.gnu-tools-for-stm32.12.3.rel1.win32_1.1.0.202410251130/tools/bin/../lib/gcc/arm-none-eabi/12.3.1/../../../../arm-none-eabi/lib/thumb/v7-m/nofp\libc_nano.a(libc_a-closer.o) (errno)
C:/ST/STM32CubeIDE_1.17.0/STM32CubeIDE/plugins/com.st.stm32cube.ide.mcu.externaltools.gnu-tools-for-stm32.12.3.rel1.win32_1.1.0.202410251130/tools/bin/../lib/gcc/arm-none-eabi/12.3.1/../../../../arm-none-eabi/lib/thumb/v7-m/nofp\libc_nano.a(libc_a-impure.o)
                              C:/ST/STM32CubeIDE_1.17.0/STM32CubeIDE/plugins/com.st.stm32cube.ide.mcu.externaltools.gnu-tools-for-stm32.12.3.rel1.win32_1.1.0.202410251130/tools/bin/../lib/gcc/arm-none-eabi/12.3.1/../../../../arm-none-eabi/lib/thumb/v7-m/nofp\libc_nano.a(libc_a-reent.o) (_impure_ptr)
C:/ST/STM32CubeIDE_1.17.0/STM32CubeIDE/plugins/com.st.stm32cube.ide.mcu.externaltools.gnu-tools-for-stm32.12.3.rel1.win32_1.1.0.202410251130/tools/bin/../lib/gcc/arm-none-eabi/12.3.1/../../../../arm-none-eabi/lib/thumb/v7-m/nofp\libc_nano.a(libc_a-lseekr.o)
[...]
Memory Configuration

Name             Origin             Length             Attributes
RAM              0x20000000         0x00005000         xrw
FLASH            0x08000000         0x00010000         xr
*default*        0x00000000         0xffffffff

Linker script and memory map

LOAD C:/ST/STM32CubeIDE_1.17.0/STM32CubeIDE/plugins/com.st.stm32cube.ide.mcu.externaltools.gnu-tools-for-stm32.12.3.rel1.win32_1.1.0.202410251130/tools/bin/../lib/gcc/arm-none-eabi/12.3.1/thumb/v7-m/nofp/crti.o
LOAD C:/ST/STM32CubeIDE_1.17.0/STM32CubeIDE/plugins/com.st.stm32cube.ide.mcu.externaltools.gnu-tools-for-stm32.12.3.rel1.win32_1.1.0.202410251130/tools/bin/../lib/gcc/arm-none-eabi/12.3.1/thumb/v7-m/nofp/crtbegin.o
LOAD C:/ST/STM32CubeIDE_1.17.0/STM32CubeIDE/plugins/com.st.stm32cube.ide.mcu.externaltools.gnu-tools-for-stm32.12.3.rel1.win32_1.1.0.202410251130/tools/bin/../lib/gcc/arm-none-eabi/12.3.1/../../../../arm-none-eabi/lib/thumb/v7-m/nofp/crt0.o
LOAD ./Core/Src/functions.o
LOAD ./Core/Src/lmt84.o
LOAD ./Core/Src/main.o
LOAD ./Core/Src/pt1000.o
LOAD ./Core/Src/stm32_adc_utils.o
LOAD ./Core/Src/stm32f1xx_hal_msp.o
LOAD ./Core/Src/stm32f1xx_it.o
LOAD ./Core/Src/syscalls.o
LOAD ./Core/Src/sysmem.o
LOAD ./Core/Src/system_stm32f1xx.o
LOAD ./Core/Startup/startup_stm32f103c8tx.o
LOAD ./Drivers/STM32F1xx_HAL_Driver/Src/stm32f1xx_hal.o
LOAD ./Drivers/STM32F1xx_HAL_Driver/Src/stm32f1xx_hal_adc.o
LOAD ./Drivers/STM32F1xx_HAL_Driver/Src/stm32f1xx_hal_adc_ex.o
LOAD ./Drivers/STM32F1xx_HAL_Driver/Src/stm32f1xx_hal_can.o
LOAD ./Drivers/STM32F1xx_HAL_Driver/Src/stm32f1xx_hal_cortex.o
LOAD ./Drivers/STM32F1xx_HAL_Driver/Src/stm32f1xx_hal_dma.o
LOAD ./Drivers/STM32F1xx_HAL_Driver/Src/stm32f1xx_hal_exti.o
LOAD ./Drivers/STM32F1xx_HAL_Driver/Src/stm32f1xx_hal_flash.o
LOAD ./Drivers/STM32F1xx_HAL_Driver/Src/stm32f1xx_hal_flash_ex.o
LOAD ./Drivers/STM32F1xx_HAL_Driver/Src/stm32f1xx_hal_gpio.o
LOAD ./Drivers/STM32F1xx_HAL_Driver/Src/stm32f1xx_hal_gpio_ex.o
LOAD ./Drivers/STM32F1xx_HAL_Driver/Src/stm32f1xx_hal_i2c.o
LOAD ./Drivers/STM32F1xx_HAL_Driver/Src/stm32f1xx_hal_pwr.o
LOAD ./Drivers/STM32F1xx_HAL_Driver/Src/stm32f1xx_hal_rcc.o
LOAD ./Drivers/STM32F1xx_HAL_Driver/Src/stm32f1xx_hal_rcc_ex.o
LOAD ./Drivers/STM32F1xx_HAL_Driver/Src/stm32f1xx_hal_tim.o
LOAD ./Drivers/STM32F1xx_HAL_Driver/Src/stm32f1xx_hal_tim_ex.o
START GROUP
LOAD C:/ST/STM32CubeIDE_1.17.0/STM32CubeIDE/plugins/com.st.stm32cube.ide.mcu.externaltools.gnu-tools-for-stm32.12.3.rel1.win32_1.1.0.202410251130/tools/bin/../lib/gcc/arm-none-eabi/12.3.1/../../../../arm-none-eabi/lib/thumb/v7-m/nofp\libc_nano.a
LOAD C:/ST/STM32CubeIDE_1.17.0/STM32CubeIDE/plugins/com.st.stm32cube.ide.mcu.externaltools.gnu-tools-for-stm32.12.3.rel1.win32_1.1.0.202410251130/tools/bin/../lib/gcc/arm-none-eabi/12.3.1/../../../../arm-none-eabi/lib/thumb/v7-m/nofp\libm.a
END GROUP
START GROUP
LOAD C:/ST/STM32CubeIDE_1.17.0/STM32CubeIDE/plugins/com.st.stm32cube.ide.mcu.externaltools.gnu-tools-for-stm32.12.3.rel1.win32_1.1.0.202410251130/tools/bin/../lib/gcc/arm-none-eabi/12.3.1/thumb/v7-m/nofp\libgcc.a
LOAD C:/ST/STM32CubeIDE_1.17.0/STM32CubeIDE/plugins/com.st.stm32cube.ide.mcu.externaltools.gnu-tools-for-stm32.12.3.rel1.win32_1.1.0.202410251130/tools/bin/../lib/gcc/arm-none-eabi/12.3.1/../../../../arm-none-eabi/lib/thumb/v7-m/nofp\libc_nano.a
END GROUP
START GROUP
LOAD C:/ST/STM32CubeIDE_1.17.0/STM32CubeIDE/plugins/com.st.stm32cube.ide.mcu.externaltools.gnu-tools-for-stm32.12.3.rel1.win32_1.1.0.202410251130/tools/bin/../lib/gcc/arm-none-eabi/12.3.1/thumb/v7-m/nofp\libgcc.a
LOAD C:/ST/STM32CubeIDE_1.17.0/STM32CubeIDE/plugins/com.st.stm32cube.ide.mcu.externaltools.gnu-tools-for-stm32.12.3.rel1.win32_1.1.0.202410251130/tools/bin/../lib/gcc/arm-none-eabi/12.3.1/../../../../arm-none-eabi/lib/thumb/v7-m/nofp\libc_nano.a
LOAD C:/ST/STM32CubeIDE_1.17.0/STM32CubeIDE/plugins/com.st.stm32cube.ide.mcu.externaltools.gnu-tools-for-stm32.12.3.rel1.win32_1.1.0.202410251130/tools/bin/../lib/gcc/arm-none-eabi/12.3.1/../../../../arm-none-eabi/lib/thumb/v7-m/nofp\libnosys.a
END GROUP
START GROUP
LOAD C:/ST/STM32CubeIDE_1.17.0/STM32CubeIDE/plugins/com.st.stm32cube.ide.mcu.externaltools.gnu-tools-for-stm32.12.3.rel1.win32_1.1.0.202410251130/tools/bin/../lib/gcc/arm-none-eabi/12.3.1/thumb/v7-m/nofp\libgcc.a
LOAD C:/ST/STM32CubeIDE_1.17.0/STM32CubeIDE/plugins/com.st.stm32cube.ide.mcu.externaltools.gnu-tools-for-stm32.12.3.rel1.win32_1.1.0.202410251130/tools/bin/../lib/gcc/arm-none-eabi/12.3.1/../../../../arm-none-eabi/lib/thumb/v7-m/nofp\libc_nano.a
LOAD C:/ST/STM32CubeIDE_1.17.0/STM32CubeIDE/plugins/com.st.stm32cube.ide.mcu.externaltools.gnu-tools-for-stm32.12.3.rel1.win32_1.1.0.202410251130/tools/bin/../lib/gcc/arm-none-eabi/12.3.1/../../../../arm-none-eabi/lib/thumb/v7-m/nofp\libnosys.a
END GROUP
LOAD C:/ST/STM32CubeIDE_1.17.0/STM32CubeIDE/plugins/com.st.stm32cube.ide.mcu.externaltools.gnu-tools-for-stm32.12.3.rel1.win32_1.1.0.202410251130/tools/bin/../lib/gcc/arm-none-eabi/12.3.1/thumb/v7-m/nofp/crtend.o
LOAD C:/ST/STM32CubeIDE_1.17.0/STM32CubeIDE/plugins/com.st.stm32cube.ide.mcu.externaltools.gnu-tools-for-stm32.12.3.rel1.win32_1.1.0.202410251130/tools/bin/../lib/gcc/arm-none-eabi/12.3.1/thumb/v7-m/nofp/crtn.o
                0x20005000                        _estack = (ORIGIN (RAM) + LENGTH (RAM))
                0x00000200                        _Min_Heap_Size = 0x200
                0x00000400                        _Min_Stack_Size = 0x400

.isr_vector     0x08000000      0x10c
                0x08000000                        . = ALIGN (0x4)
 *(.isr_vector)
 .isr_vector    0x08000000      0x10c ./Core/Startup/startup_stm32f103c8tx.o
                0x08000000                g_pfnVectors
                0x0800010c                        . = ALIGN (0x4)

.text           0x0800010c     0x63b8
                0x0800010c                        . = ALIGN (0x4)
 *(.text)
 .text          0x0800010c       0x40 C:/ST/STM32CubeIDE_1.17.0/STM32CubeIDE/plugins/com.st.stm32cube.ide.mcu.externaltools.gnu-tools-for-stm32.12.3.rel1.win32_1.1.0.202410251130/tools/bin/../lib/gcc/arm-none-eabi/12.3.1/thumb/v7-m/nofp/crtbegin.o
 .text          0x0800014c      0x21c C:/ST/STM32CubeIDE_1.17.0/STM32CubeIDE/plugins/com.st.stm32cube.ide.mcu.externaltools.gnu-tools-for-stm32.12.3.rel1.win32_1.1.0.202410251130/tools/bin/../lib/gcc/arm-none-eabi/12.3.1/thumb/v7-m/nofp\libgcc.a(_arm_addsubsf3.o)
                0x0800014c                __aeabi_frsub
                0x08000154                __subsf3
                0x08000154                __aeabi_fsub
                0x08000158                __aeabi_fadd
                0x08000158                __addsf3
                0x080002b8                __aeabi_ui2f
                0x080002b8                __floatunsisf
                0x080002c0                __aeabi_i2f
                0x080002c0                __floatsisf
                0x080002dc                __aeabi_ul2f
                0x080002dc                __floatundisf
                0x080002ec                __aeabi_l2f
                0x080002ec                __floatdisf
 .text          0x08000368      0x2a0 C:/ST/STM32CubeIDE_1.17.0/STM32CubeIDE/plugins/com.st.stm32cube.ide.mcu.externaltools.gnu-tools-for-stm32.12.3.rel1.win32_1.1.0.202410251130/tools/bin/../lib/gcc/arm-none-eabi/12.3.1/thumb/v7-m/nofp\libgcc.a(_arm_muldivsf3.o)
                0x08000368                __mulsf3
                0x08000368                __aeabi_fmul
                0x080004d0                __aeabi_fdiv
                0x080004d0                __divsf3
 .text          0x08000608       0xec C:/ST/STM32CubeIDE_1.17.0/STM32CubeIDE/plugins/com.st.stm32cube.ide.mcu.externaltools.gnu-tools-for-stm32.12.3.rel1.win32_1.1.0.202410251130/tools/bin/../lib/gcc/arm-none-eabi/12.3.1/thumb/v7-m/nofp\libgcc.a(_arm_cmpsf2.o)
                0x08000608                __gesf2
                0x08000608                __gtsf2
                0x08000610                __lesf2
                0x08000610                __ltsf2
                0x08000618                __nesf2
                0x08000618                __eqsf2
                0x08000618                __cmpsf2
                0x08000678                __aeabi_cfrcmple
                0x08000680                __aeabi_cfcmpeq
                0x08000680                __aeabi_cfcmple
                0x08000690                __aeabi_fcmpeq
                0x080006a4                __aeabi_fcmplt
                0x080006b8                __aeabi_fcmple
                0x080006cc                __aeabi_fcmpge
                0x080006e0                __aeabi_fcmpgt
 .text          0x080006f4       0x2c C:/ST/STM32CubeIDE_1.17.0/STM32CubeIDE/plugins/com.st.stm32cube.ide.mcu.externaltools.gnu-tools-for-stm32.12.3.rel1.win32_1.1.0.202410251130/tools/bin/../lib/gcc/arm-none-eabi/12.3.1/thumb/v7-m/nofp\libgcc.a(_arm_unordsf2.o)
                0x080006f4                __unordsf2
                0x080006f4                __aeabi_fcmpun
 .text          0x08000720       0x40 C:/ST/STM32CubeIDE_1.17.0/STM32CubeIDE/plugins/com.st.stm32cube.ide.mcu.externaltools.gnu-tools-for-stm32.12.3.rel1.win32_1.1.0.202410251130/tools/bin/../lib/gcc/arm-none-eabi/12.3.1/thumb/v7-m/nofp\libgcc.a(_arm_fixunssfsi.o)
                0x08000720                __fixunssfsi
                0x08000720                __aeabi_f2uiz
 *(.text*)
 .text.getI2CAddress
                0x08000760       0x3a ./Core/Src/functions.o
                0x08000760                getI2CAddress
 .text.ADCStartSyncCommand
                0x0800079a       0x80 ./Core/Src/functions.o
                0x0800079a                ADCStartSyncCommand
 .text.ADCSetRegistersValue
                0x0800081a       0xac ./Core/Src/functions.o
                0x0800081a                ADCSetRegistersValue
 .text.ADCGetDataValue
                0x080008c6      0x13a ./Core/Src/functions.o
                0x080008c6                ADCGetDataValue
 .text.getValueFromVoltageData
                0x08000a00       0x50 ./Core/Src/functions.o
                0x08000a00                getValueFromVoltageData
 .text.getADCChannelVoltage
                0x08000a50      0x170 ./Core/Src/functions.o
                0x08000a50                getADCChannelVoltage
 .text.LMT84_getTemperature
                0x08000bc0      0x2ac ./Core/Src/lmt84.o
                0x08000bc0                LMT84_getTemperature
 .text.main     0x08000e6c      0x32c ./Core/Src/main.o
                0x08000e6c                main
 .text.SystemClock_Config
                0x08001198       0xb8 ./Core/Src/main.o
                0x08001198                SystemClock_Config
 .text.MX_ADC1_Init
                0x08001250       0xf4 ./Core/Src/main.o
 .text.MX_CAN_Init
                0x08001344       0x6c ./Core/Src/main.o
 .text.MX_I2C1_Init
                0x080013b0       0x5c ./Core/Src/main.o
 .text.MX_TIM2_Init
                0x0800140c       0x9c ./Core/Src/main.o
 .text.MX_TIM3_Init
                0x080014a8       0x9c ./Core/Src/main.o
 .text.MX_TIM4_Init
                0x08001544       0x9c ./Core/Src/main.o
 .text.MX_DMA_Init
                0x080015e0       0x3c ./Core/Src/main.o
 .text.MX_GPIO_Init
                0x0800161c       0x98 ./Core/Src/main.o
 .text.HAL_ADC_ConvCpltCallback
                0x080016b4       0xd0 ./Core/Src/main.o
                0x080016b4                HAL_ADC_ConvCpltCallback
 .text.HAL_TIM_PeriodElapsedCallback
                0x08001784      0x508 ./Core/Src/main.o
                0x08001784                HAL_TIM_PeriodElapsedCallback
 .text.map      0x08001c8c       0x56 ./Core/Src/main.o
                0x08001c8c                map
 *fill*         0x08001ce2        0x2 
 .text.Error_Handler
                0x08001ce4       0x24 ./Core/Src/main.o
                0x08001ce4                Error_Handler
 .text.getInternalTemperatureF103
                0x08001d08       0x48 ./Core/Src/stm32_adc_utils.o
                0x08001d08                getInternalTemperatureF103
 .text.getMaxVoltageF103
                0x08001d50       0x2c ./Core/Src/stm32_adc_utils.o
                0x08001d50                getMaxVoltageF103
 .text.HAL_MspInit
                0x08001d7c       0x64 ./Core/Src/stm32f1xx_hal_msp.o
                0x08001d7c                HAL_MspInit
 .text.HAL_ADC_MspInit
                0x08001de0       0xd4 ./Core/Src/stm32f1xx_hal_msp.o
                0x08001de0                HAL_ADC_MspInit
 .text.HAL_CAN_MspInit
                0x08001eb4       0x98 ./Core/Src/stm32f1xx_hal_msp.o
                0x08001eb4                HAL_CAN_MspInit
 .text.HAL_I2C_MspInit
                0x08001f4c       0x7c ./Core/Src/stm32f1xx_hal_msp.o
                0x08001f4c                HAL_I2C_MspInit
 .text.HAL_TIM_Base_MspInit
                0x08001fc8       0xb8 ./Core/Src/stm32f1xx_hal_msp.o
                0x08001fc8                HAL_TIM_Base_MspInit
 .text.NMI_Handler
                0x08002080        0x8 ./Core/Src/stm32f1xx_it.o
                0x08002080                NMI_Handler
 .text.HardFault_Handler
                0x08002088        0x8 ./Core/Src/stm32f1xx_it.o
                0x08002088                HardFault_Handler
 .text.MemManage_Handler
                0x08002090        0x8 ./Core/Src/stm32f1xx_it.o
                0x08002090                MemManage_Handler
 .text.BusFault_Handler
                0x08002098        0x8 ./Core/Src/stm32f1xx_it.o
                0x08002098                BusFault_Handler
 .text.UsageFault_Handler
                0x080020a0        0x8 ./Core/Src/stm32f1xx_it.o
                0x080020a0                UsageFault_Handler
 .text.SVC_Handler
                0x080020a8        0xc ./Core/Src/stm32f1xx_it.o
                0x080020a8                SVC_Handler
 .text.DebugMon_Handler
                0x080020b4        0xc ./Core/Src/stm32f1xx_it.o
                0x080020b4                DebugMon_Handler
 .text.PendSV_Handler
                0x080020c0        0xc ./Core/Src/stm32f1xx_it.o
                0x080020c0                PendSV_Handler
 .text.SysTick_Handler
                0x080020cc        0xc ./Core/Src/stm32f1xx_it.o
                0x080020cc                SysTick_Handler
 .text.DMA1_Channel1_IRQHandler
                0x080020d8       0x14 ./Core/Src/stm32f1xx_it.o
                0x080020d8                DMA1_Channel1_IRQHandler
 .text.TIM2_IRQHandler
                0x080020ec       0x14 ./Core/Src/stm32f1xx_it.o
                0x080020ec                TIM2_IRQHandler
 .text.TIM3_IRQHandler
                0x08002100       0x14 ./Core/Src/stm32f1xx_it.o
                0x08002100                TIM3_IRQHandler
 .text.TIM4_IRQHandler
                0x08002114       0x14 ./Core/Src/stm32f1xx_it.o
                0x08002114                TIM4_IRQHandler
 .text.SystemInit
                0x08002128        0xc ./Core/Src/system_stm32f1xx.o
                0x08002128                SystemInit
 .text.Reset_Handler
                0x08002134       0x48 ./Core/Startup/startup_stm32f103c8tx.o
                0x08002134                Reset_Handler
 .text.Default_Handler
                0x0800217c        0x2 ./Core/Startup/startup_stm32f103c8tx.o
                0x0800217c                RTC_Alarm_IRQHandler
                0x0800217c                EXTI2_IRQHandler
                0x0800217c                TIM1_CC_IRQHandler
                0x0800217c                PVD_IRQHandler
                0x0800217c                EXTI3_IRQHandler
                0x0800217c                EXTI0_IRQHandler
                0x0800217c                I2C2_EV_IRQHandler
                0x0800217c                ADC1_2_IRQHandler
                0x0800217c                SPI1_IRQHandler
                0x0800217c                TAMPER_IRQHandler
                0x0800217c                DMA1_Channel4_IRQHandler
                0x0800217c                USART3_IRQHandler
                0x0800217c                RTC_IRQHandler
                0x0800217c                DMA1_Channel7_IRQHandler
                0x0800217c                CAN1_RX1_IRQHandler
                0x0800217c                I2C1_EV_IRQHandler
                0x0800217c                DMA1_Channel6_IRQHandler
                0x0800217c                RCC_IRQHandler
                0x0800217c                TIM1_TRG_COM_IRQHandler
                0x0800217c                Default_Handler
                0x0800217c                EXTI15_10_IRQHandler
                0x0800217c                EXTI9_5_IRQHandler
                0x0800217c                SPI2_IRQHandler
                0x0800217c                DMA1_Channel5_IRQHandler
                0x0800217c                EXTI4_IRQHandler
                0x0800217c                USB_LP_CAN1_RX0_IRQHandler
                0x0800217c                USB_HP_CAN1_TX_IRQHandler
                0x0800217c                DMA1_Channel3_IRQHandler
                0x0800217c                TIM1_UP_IRQHandler
                0x0800217c                WWDG_IRQHandler
                0x0800217c                TIM1_BRK_IRQHandler
                0x0800217c                EXTI1_IRQHandler
                0x0800217c                USART2_IRQHandler
                0x0800217c                I2C2_ER_IRQHandler
                0x0800217c                DMA1_Channel2_IRQHandler
                0x0800217c                CAN1_SCE_IRQHandler
                0x0800217c                FLASH_IRQHandler
                0x0800217c                USART1_IRQHandler
                0x0800217c                I2C1_ER_IRQHandler
                0x0800217c                USBWakeUp_IRQHandler
 *fill*         0x0800217e        0x2 
 .text.HAL_Init
                0x08002180       0x2c ./Drivers/STM32F1xx_HAL_Driver/Src/stm32f1xx_hal.o
                0x08002180                HAL_Init
 .text.HAL_InitTick
                0x080021ac       0x60 ./Drivers/STM32F1xx_HAL_Driver/Src/stm32f1xx_hal.o
                0x080021ac                HAL_InitTick
 .text.HAL_IncTick
                0x0800220c       0x24 ./Drivers/STM32F1xx_HAL_Driver/Src/stm32f1xx_hal.o
                0x0800220c                HAL_IncTick
 .text.HAL_GetTick
                0x08002230       0x14 ./Drivers/STM32F1xx_HAL_Driver/Src/stm32f1xx_hal.o
                0x08002230                HAL_GetTick
 .text.HAL_Delay
                0x08002244       0x48 ./Drivers/STM32F1xx_HAL_Driver/Src/stm32f1xx_hal.o
                0x08002244                HAL_Delay
 .text.HAL_ADC_Init
                0x0800228c      0x1b0 ./Drivers/STM32F1xx_HAL_Driver/Src/stm32f1xx_hal_adc.o
                0x0800228c                HAL_ADC_Init
 .text.HAL_ADC_Start_DMA
                0x0800243c      0x1bc ./Drivers/STM32F1xx_HAL_Driver/Src/stm32f1xx_hal_adc.o
                0x0800243c                HAL_ADC_Start_DMA
 .text.HAL_ADC_ConvHalfCpltCallback
                0x080025f8       0x12 ./Drivers/STM32F1xx_HAL_Driver/Src/stm32f1xx_hal_adc.o
                0x080025f8                HAL_ADC_ConvHalfCpltCallback
 .text.HAL_ADC_ErrorCallback
                0x0800260a       0x12 ./Drivers/STM32F1xx_HAL_Driver/Src/stm32f1xx_hal_adc.o
                0x0800260a                HAL_ADC_ErrorCallback
 .text.HAL_ADC_ConfigChannel
                0x0800261c      0x1f0 ./Drivers/STM32F1xx_HAL_Driver/Src/stm32f1xx_hal_adc.o
                0x0800261c                HAL_ADC_ConfigChannel
 .text.ADC_Enable
                0x0800280c       0xb4 ./Drivers/STM32F1xx_HAL_Driver/Src/stm32f1xx_hal_adc.o
                0x0800280c                ADC_Enable
 .text.ADC_ConversionStop_Disable
                0x080028c0       0x82 ./Drivers/STM32F1xx_HAL_Driver/Src/stm32f1xx_hal_adc.o
                0x080028c0                ADC_ConversionStop_Disable
 .text.ADC_DMAConvCplt
                0x08002942       0x7c ./Drivers/STM32F1xx_HAL_Driver/Src/stm32f1xx_hal_adc.o
                0x08002942                ADC_DMAConvCplt
 .text.ADC_DMAHalfConvCplt
                0x080029be       0x1c ./Drivers/STM32F1xx_HAL_Driver/Src/stm32f1xx_hal_adc.o
                0x080029be                ADC_DMAHalfConvCplt
 .text.ADC_DMAError
                0x080029da       0x34 ./Drivers/STM32F1xx_HAL_Driver/Src/stm32f1xx_hal_adc.o
                0x080029da                ADC_DMAError
 *fill*         0x08002a0e        0x2 
 .text.HAL_ADCEx_Calibration_Start
                0x08002a10      0x15c ./Drivers/STM32F1xx_HAL_Driver/Src/stm32f1xx_hal_adc_ex.o
                0x08002a10                HAL_ADCEx_Calibration_Start
 .text.HAL_CAN_Init
                0x08002b6c      0x1f6 ./Drivers/STM32F1xx_HAL_Driver/Src/stm32f1xx_hal_can.o
                0x08002b6c                HAL_CAN_Init
 .text.HAL_CAN_Start
                0x08002d62       0x88 ./Drivers/STM32F1xx_HAL_Driver/Src/stm32f1xx_hal_can.o
                0x08002d62                HAL_CAN_Start
 .text.HAL_CAN_AddTxMessage
                0x08002dea      0x19e ./Drivers/STM32F1xx_HAL_Driver/Src/stm32f1xx_hal_can.o
                0x08002dea                HAL_CAN_AddTxMessage
 .text.__NVIC_SetPriorityGrouping
                0x08002f88       0x48 ./Drivers/STM32F1xx_HAL_Driver/Src/stm32f1xx_hal_cortex.o
 .text.__NVIC_GetPriorityGrouping
                0x08002fd0       0x1c ./Drivers/STM32F1xx_HAL_Driver/Src/stm32f1xx_hal_cortex.o
 .text.__NVIC_EnableIRQ
                0x08002fec       0x38 ./Drivers/STM32F1xx_HAL_Driver/Src/stm32f1xx_hal_cortex.o
 .text.__NVIC_SetPriority
                0x08003024       0x54 ./Drivers/STM32F1xx_HAL_Driver/Src/stm32f1xx_hal_cortex.o
 .text.NVIC_EncodePriority
                0x08003078       0x64 ./Drivers/STM32F1xx_HAL_Driver/Src/stm32f1xx_hal_cortex.o
 .text.SysTick_Config
                0x080030dc       0x44 ./Drivers/STM32F1xx_HAL_Driver/Src/stm32f1xx_hal_cortex.o
 .text.HAL_NVIC_SetPriorityGrouping
                0x08003120       0x16 ./Drivers/STM32F1xx_HAL_Driver/Src/stm32f1xx_hal_cortex.o
                0x08003120                HAL_NVIC_SetPriorityGrouping
 .text.HAL_NVIC_SetPriority
                0x08003136       0x38 ./Drivers/STM32F1xx_HAL_Driver/Src/stm32f1xx_hal_cortex.o
                0x08003136                HAL_NVIC_SetPriority
 .text.HAL_NVIC_EnableIRQ
                0x0800316e       0x1c ./Drivers/STM32F1xx_HAL_Driver/Src/stm32f1xx_hal_cortex.o
                0x0800316e                HAL_NVIC_EnableIRQ
 .text.HAL_SYSTICK_Config
                0x0800318a       0x18 ./Drivers/STM32F1xx_HAL_Driver/Src/stm32f1xx_hal_cortex.o
                0x0800318a                HAL_SYSTICK_Config
 *fill*         0x080031a2        0x2 
 .text.HAL_DMA_Init
                0x080031a4       0xb4 ./Drivers/STM32F1xx_HAL_Driver/Src/stm32f1xx_hal_dma.o
                0x080031a4                HAL_DMA_Init
 .text.HAL_DMA_Start_IT
                0x08003258       0xc0 ./Drivers/STM32F1xx_HAL_Driver/Src/stm32f1xx_hal_dma.o
                0x08003258                HAL_DMA_Start_IT
 .text.HAL_DMA_IRQHandler
                0x08003318      0x20c ./Drivers/STM32F1xx_HAL_Driver/Src/stm32f1xx_hal_dma.o
                0x08003318                HAL_DMA_IRQHandler
 .text.DMA_SetConfig
                0x08003524       0x5a ./Drivers/STM32F1xx_HAL_Driver/Src/stm32f1xx_hal_dma.o
 *fill*         0x0800357e        0x2 
 .text.HAL_GPIO_Init
                0x08003580      0x308 ./Drivers/STM32F1xx_HAL_Driver/Src/stm32f1xx_hal_gpio.o
                0x08003580                HAL_GPIO_Init
 .text.HAL_GPIO_ReadPin
                0x08003888       0x2e ./Drivers/STM32F1xx_HAL_Driver/Src/stm32f1xx_hal_gpio.o
                0x08003888                HAL_GPIO_ReadPin
 .text.HAL_GPIO_WritePin
                0x080038b6       0x30 ./Drivers/STM32F1xx_HAL_Driver/Src/stm32f1xx_hal_gpio.o
                0x080038b6                HAL_GPIO_WritePin
 .text.HAL_GPIO_TogglePin
                0x080038e6       0x32 ./Drivers/STM32F1xx_HAL_Driver/Src/stm32f1xx_hal_gpio.o
                0x080038e6                HAL_GPIO_TogglePin
 .text.HAL_I2C_Init
                0x08003918      0x288 ./Drivers/STM32F1xx_HAL_Driver/Src/stm32f1xx_hal_i2c.o
                0x08003918                HAL_I2C_Init
 .text.HAL_I2C_Master_Transmit
                0x08003ba0      0x1fc ./Drivers/STM32F1xx_HAL_Driver/Src/stm32f1xx_hal_i2c.o
                0x08003ba0                HAL_I2C_Master_Transmit
 .text.HAL_I2C_Master_Receive
                0x08003d9c      0x4d8 ./Drivers/STM32F1xx_HAL_Driver/Src/stm32f1xx_hal_i2c.o
                0x08003d9c                HAL_I2C_Master_Receive
 .text.HAL_I2C_Mem_Read
                0x08004274      0x4e8 ./Drivers/STM32F1xx_HAL_Driver/Src/stm32f1xx_hal_i2c.o
                0x08004274                HAL_I2C_Mem_Read
 .text.I2C_MasterRequestWrite
                0x0800475c      0x104 ./Drivers/STM32F1xx_HAL_Driver/Src/stm32f1xx_hal_i2c.o
 .text.I2C_MasterRequestRead
                0x08004860      0x19c ./Drivers/STM32F1xx_HAL_Driver/Src/stm32f1xx_hal_i2c.o
 .text.I2C_RequestMemoryRead
                0x080049fc      0x1d0 ./Drivers/STM32F1xx_HAL_Driver/Src/stm32f1xx_hal_i2c.o
 .text.I2C_WaitOnFlagUntilTimeout
                0x08004bcc       0xf4 ./Drivers/STM32F1xx_HAL_Driver/Src/stm32f1xx_hal_i2c.o
 .text.I2C_WaitOnMasterAddressFlagUntilTimeout
                0x08004cc0      0x140 ./Drivers/STM32F1xx_HAL_Driver/Src/stm32f1xx_hal_i2c.o
 .text.I2C_WaitOnTXEFlagUntilTimeout
                0x08004e00       0x90 ./Drivers/STM32F1xx_HAL_Driver/Src/stm32f1xx_hal_i2c.o
 .text.I2C_WaitOnBTFFlagUntilTimeout
                0x08004e90       0x90 ./Drivers/STM32F1xx_HAL_Driver/Src/stm32f1xx_hal_i2c.o
 .text.I2C_WaitOnRXNEFlagUntilTimeout
                0x08004f20       0xba ./Drivers/STM32F1xx_HAL_Driver/Src/stm32f1xx_hal_i2c.o
 .text.I2C_IsAcknowledgeFailed
                0x08004fda       0x5c ./Drivers/STM32F1xx_HAL_Driver/Src/stm32f1xx_hal_i2c.o
 *fill*         0x08005036        0x2 
 .text.HAL_RCC_OscConfig
                0x08005038      0x504 ./Drivers/STM32F1xx_HAL_Driver/Src/stm32f1xx_hal_rcc.o
                0x08005038                HAL_RCC_OscConfig
 .text.HAL_RCC_ClockConfig
                0x0800553c      0x1d4 ./Drivers/STM32F1xx_HAL_Driver/Src/stm32f1xx_hal_rcc.o
                0x0800553c                HAL_RCC_ClockConfig
 .text.HAL_RCC_GetSysClockFreq
                0x08005710       0xac ./Drivers/STM32F1xx_HAL_Driver/Src/stm32f1xx_hal_rcc.o
                0x08005710                HAL_RCC_GetSysClockFreq
 .text.HAL_RCC_GetHCLKFreq
                0x080057bc       0x14 ./Drivers/STM32F1xx_HAL_Driver/Src/stm32f1xx_hal_rcc.o
                0x080057bc                HAL_RCC_GetHCLKFreq
 .text.HAL_RCC_GetPCLK1Freq
                0x080057d0       0x28 ./Drivers/STM32F1xx_HAL_Driver/Src/stm32f1xx_hal_rcc.o
                0x080057d0                HAL_RCC_GetPCLK1Freq
 .text.HAL_RCC_GetPCLK2Freq
                0x080057f8       0x28 ./Drivers/STM32F1xx_HAL_Driver/Src/stm32f1xx_hal_rcc.o
                0x080057f8                HAL_RCC_GetPCLK2Freq
 .text.RCC_Delay
                0x08005820       0x3c ./Drivers/STM32F1xx_HAL_Driver/Src/stm32f1xx_hal_rcc.o
 .text.HAL_RCCEx_PeriphCLKConfig
                0x0800585c      0x16c ./Drivers/STM32F1xx_HAL_Driver/Src/stm32f1xx_hal_rcc_ex.o
                0x0800585c                HAL_RCCEx_PeriphCLKConfig
 .text.HAL_RCCEx_GetPeriphCLKFreq
                0x080059c8      0x16c ./Drivers/STM32F1xx_HAL_Driver/Src/stm32f1xx_hal_rcc_ex.o
                0x080059c8                HAL_RCCEx_GetPeriphCLKFreq
 .text.HAL_TIM_Base_Init
                0x08005b34       0x9e ./Drivers/STM32F1xx_HAL_Driver/Src/stm32f1xx_hal_tim.o
                0x08005b34                HAL_TIM_Base_Init
 *fill*         0x08005bd2        0x2 
 .text.HAL_TIM_Base_Start_IT
                0x08005bd4       0xa4 ./Drivers/STM32F1xx_HAL_Driver/Src/stm32f1xx_hal_tim.o
                0x08005bd4                HAL_TIM_Base_Start_IT
 .text.HAL_TIM_IRQHandler
                0x08005c78      0x1e0 ./Drivers/STM32F1xx_HAL_Driver/Src/stm32f1xx_hal_tim.o
                0x08005c78                HAL_TIM_IRQHandler
 .text.HAL_TIM_ConfigClockSource
                0x08005e58      0x18e ./Drivers/STM32F1xx_HAL_Driver/Src/stm32f1xx_hal_tim.o
                0x08005e58                HAL_TIM_ConfigClockSource
 .text.HAL_TIM_OC_DelayElapsedCallback
                0x08005fe6       0x12 ./Drivers/STM32F1xx_HAL_Driver/Src/stm32f1xx_hal_tim.o
                0x08005fe6                HAL_TIM_OC_DelayElapsedCallback
 .text.HAL_TIM_IC_CaptureCallback
                0x08005ff8       0x12 ./Drivers/STM32F1xx_HAL_Driver/Src/stm32f1xx_hal_tim.o
                0x08005ff8                HAL_TIM_IC_CaptureCallback
 .text.HAL_TIM_PWM_PulseFinishedCallback
                0x0800600a       0x12 ./Drivers/STM32F1xx_HAL_Driver/Src/stm32f1xx_hal_tim.o
                0x0800600a                HAL_TIM_PWM_PulseFinishedCallback
 .text.HAL_TIM_TriggerCallback
                0x0800601c       0x12 ./Drivers/STM32F1xx_HAL_Driver/Src/stm32f1xx_hal_tim.o
                0x0800601c                HAL_TIM_TriggerCallback
 *fill*         0x0800602e        0x2 
 .text.TIM_Base_SetConfig
                0x08006030       0xdc ./Drivers/STM32F1xx_HAL_Driver/Src/stm32f1xx_hal_tim.o
                0x08006030                TIM_Base_SetConfig
 .text.TIM_TI1_ConfigInputStage
                0x0800610c       0x5c ./Drivers/STM32F1xx_HAL_Driver/Src/stm32f1xx_hal_tim.o
 .text.TIM_TI2_ConfigInputStage
                0x08006168       0x5e ./Drivers/STM32F1xx_HAL_Driver/Src/stm32f1xx_hal_tim.o
 .text.TIM_ITRx_SetConfig
                0x080061c6       0x34 ./Drivers/STM32F1xx_HAL_Driver/Src/stm32f1xx_hal_tim.o
 .text.TIM_ETR_SetConfig
                0x080061fa       0x3e ./Drivers/STM32F1xx_HAL_Driver/Src/stm32f1xx_hal_tim.o
                0x080061fa                TIM_ETR_SetConfig
 .text.HAL_TIMEx_MasterConfigSynchronization
                0x08006238       0xbc ./Drivers/STM32F1xx_HAL_Driver/Src/stm32f1xx_hal_tim_ex.o
                0x08006238                HAL_TIMEx_MasterConfigSynchronization
 .text.HAL_TIMEx_CommutCallback
                0x080062f4       0x12 ./Drivers/STM32F1xx_HAL_Driver/Src/stm32f1xx_hal_tim_ex.o
                0x080062f4                HAL_TIMEx_CommutCallback
 .text.HAL_TIMEx_BreakCallback
                0x08006306       0x12 ./Drivers/STM32F1xx_HAL_Driver/Src/stm32f1xx_hal_tim_ex.o
                0x08006306                HAL_TIMEx_BreakCallback
 .text.memset   0x08006318       0x10 C:/ST/STM32CubeIDE_1.17.0/STM32CubeIDE/plugins/com.st.stm32cube.ide.mcu.externaltools.gnu-tools-for-stm32.12.3.rel1.win32_1.1.0.202410251130/tools/bin/../lib/gcc/arm-none-eabi/12.3.1/../../../../arm-none-eabi/lib/thumb/v7-m/nofp\libc_nano.a(libc_a-memset.o)
                0x08006318                memset
 .text.__errno  0x08006328        0xc C:/ST/STM32CubeIDE_1.17.0/STM32CubeIDE/plugins/com.st.stm32cube.ide.mcu.externaltools.gnu-tools-for-stm32.12.3.rel1.win32_1.1.0.202410251130/tools/bin/../lib/gcc/arm-none-eabi/12.3.1/../../../../arm-none-eabi/lib/thumb/v7-m/nofp\libc_nano.a(libc_a-errno.o)
                0x08006328                __errno
 .text.__libc_init_array
                0x08006334       0x48 C:/ST/STM32CubeIDE_1.17.0/STM32CubeIDE/plugins/com.st.stm32cube.ide.mcu.externaltools.gnu-tools-for-stm32.12.3.rel1.win32_1.1.0.202410251130/tools/bin/../lib/gcc/arm-none-eabi/12.3.1/../../../../arm-none-eabi/lib/thumb/v7-m/nofp\libc_nano.a(libc_a-init.o)
                0x08006334                __libc_init_array
 .text.memcpy   0x0800637c       0x1c C:/ST/STM32CubeIDE_1.17.0/STM32CubeIDE/plugins/com.st.stm32cube.ide.mcu.externaltools.gnu-tools-for-stm32.12.3.rel1.win32_1.1.0.202410251130/tools/bin/../lib/gcc/arm-none-eabi/12.3.1/../../../../arm-none-eabi/lib/thumb/v7-m/nofp\libc_nano.a(libc_a-memcpy-stub.o)
                0x0800637c                memcpy
 .text.sqrtf    0x08006398       0x34 C:/ST/STM32CubeIDE_1.17.0/STM32CubeIDE/plugins/com.st.stm32cube.ide.mcu.externaltools.gnu-tools-for-stm32.12.3.rel1.win32_1.1.0.202410251130/tools/bin/../lib/gcc/arm-none-eabi/12.3.1/../../../../arm-none-eabi/lib/thumb/v7-m/nofp\libm.a(libm_a-wf_sqrt.o)
                0x08006398                sqrtf
 .text.__ieee754_sqrtf
                0x080063cc       0xe0 C:/ST/STM32CubeIDE_1.17.0/STM32CubeIDE/plugins/com.st.stm32cube.ide.mcu.externaltools.gnu-tools-for-stm32.12.3.rel1.win32_1.1.0.202410251130/tools/bin/../lib/gcc/arm-none-eabi/12.3.1/../../../../arm-none-eabi/lib/thumb/v7-m/nofp\libm.a(libm_a-ef_sqrt.o)
                0x080063cc                __ieee754_sqrtf
 *(.glue_7)
 .glue_7        0x080064ac        0x0 linker stubs
 *(.glue_7t)
 .glue_7t       0x080064ac        0x0 linker stubs
 *(.eh_frame)
 .eh_frame      0x080064ac        0x0 C:/ST/STM32CubeIDE_1.17.0/STM32CubeIDE/plugins/com.st.stm32cube.ide.mcu.externaltools.gnu-tools-for-stm32.12.3.rel1.win32_1.1.0.202410251130/tools/bin/../lib/gcc/arm-none-eabi/12.3.1/thumb/v7-m/nofp/crtbegin.o
 *(.init)
 .init          0x080064ac        0x4 C:/ST/STM32CubeIDE_1.17.0/STM32CubeIDE/plugins/com.st.stm32cube.ide.mcu.externaltools.gnu-tools-for-stm32.12.3.rel1.win32_1.1.0.202410251130/tools/bin/../lib/gcc/arm-none-eabi/12.3.1/thumb/v7-m/nofp/crti.o
                0x080064ac                _init
 .init          0x080064b0        0x8 C:/ST/STM32CubeIDE_1.17.0/STM32CubeIDE/plugins/com.st.stm32cube.ide.mcu.externaltools.gnu-tools-for-stm32.12.3.rel1.win32_1.1.0.202410251130/tools/bin/../lib/gcc/arm-none-eabi/12.3.1/thumb/v7-m/nofp/crtn.o
 *(.fini)
 .fini          0x080064b8        0x4 C:/ST/STM32CubeIDE_1.17.0/STM32CubeIDE/plugins/com.st.stm32cube.ide.mcu.externaltools.gnu-tools-for-stm32.12.3.rel1.win32_1.1.0.202410251130/tools/bin/../lib/gcc/arm-none-eabi/12.3.1/thumb/v7-m/nofp/crti.o
                0x080064b8                _fini
 .fini          0x080064bc        0x8 C:/ST/STM32CubeIDE_1.17.0/STM32CubeIDE/plugins/com.st.stm32cube.ide.mcu.externaltools.gnu-tools-for-stm32.12.3.rel1.win32_1.1.0.202410251130/tools/bin/../lib/gcc/arm-none-eabi/12.3.1/thumb/v7-m/nofp/crtn.o
                0x080064c4                        . = ALIGN (0x4)
                0x080064c4                        _etext = .

.vfp11_veneer   0x080064c4        0x0
 .vfp11_veneer  0x080064c4        0x0 linker stubs

.v4_bx          0x080064c4        0x0
 .v4_bx         0x080064c4        0x0 linker stubs

.iplt           0x080064c4        0x0
 .iplt          0x080064c4        0x0 C:/ST/STM32CubeIDE_1.17.0/STM32CubeIDE/plugins/com.st.stm32cube.ide.mcu.externaltools.gnu-tools-for-stm32.12.3.rel1.win32_1.1.0.202410251130/tools/bin/../lib/gcc/arm-none-eabi/12.3.1/thumb/v7-m/nofp/crtbegin.o

.rodata         0x080064c4      0x188
                0x080064c4                        . = ALIGN (0x4)
 *(.rodata)
 .rodata        0x080064c4      0x148 ./Core/Src/lmt84.o
 *(.rodata*)
 .rodata.AHBPrescTable
                0x0800660c       0x10 ./Core/Src/system_stm32f1xx.o
                0x0800660c                AHBPrescTable
 .rodata.APBPrescTable
                0x0800661c        0x8 ./Core/Src/system_stm32f1xx.o
                0x0800661c                APBPrescTable
 .rodata.aPLLMULFactorTable.1
                0x08006624       0x10 ./Drivers/STM32F1xx_HAL_Driver/Src/stm32f1xx_hal_rcc.o
 .rodata.aPredivFactorTable.0
                0x08006634        0x2 ./Drivers/STM32F1xx_HAL_Driver/Src/stm32f1xx_hal_rcc.o
 *fill*         0x08006636        0x2 
 .rodata.aPLLMULFactorTable.1
                0x08006638       0x10 ./Drivers/STM32F1xx_HAL_Driver/Src/stm32f1xx_hal_rcc_ex.o
 .rodata.aPredivFactorTable.0
                0x08006648        0x2 ./Drivers/STM32F1xx_HAL_Driver/Src/stm32f1xx_hal_rcc_ex.o
                0x0800664c                        . = ALIGN (0x4)
 *fill*         0x0800664a        0x2 

.rel.dyn        0x0800664c        0x0
 .rel.iplt      0x0800664c        0x0 C:/ST/STM32CubeIDE_1.17.0/STM32CubeIDE/plugins/com.st.stm32cube.ide.mcu.externaltools.gnu-tools-for-stm32.12.3.rel1.win32_1.1.0.202410251130/tools/bin/../lib/gcc/arm-none-eabi/12.3.1/thumb/v7-m/nofp/crtbegin.o

.ARM.extab      0x0800664c        0x0
                0x0800664c                        . = ALIGN (0x4)
 *(.ARM.extab* .gnu.linkonce.armextab.*)
                0x0800664c                        . = ALIGN (0x4)

.ARM            0x0800664c        0x0
                0x0800664c                        . = ALIGN (0x4)
                0x0800664c                        __exidx_start = .
 *(.ARM.exidx*)
                0x0800664c                        __exidx_end = .
                0x0800664c                        . = ALIGN (0x4)

.preinit_array  0x0800664c        0x0
                0x0800664c                        . = ALIGN (0x4)
                0x0800664c                        PROVIDE (__preinit_array_start = .)
 *(.preinit_array*)
                0x0800664c                        PROVIDE (__preinit_array_end = .)
                0x0800664c                        . = ALIGN (0x4)

.init_array     0x0800664c        0x4
                0x0800664c                        . = ALIGN (0x4)
                0x0800664c                        PROVIDE (__init_array_start = .)
 *(SORT_BY_NAME(.init_array.*))
 *(.init_array*)
 .init_array    0x0800664c        0x4 C:/ST/STM32CubeIDE_1.17.0/STM32CubeIDE/plugins/com.st.stm32cube.ide.mcu.externaltools.gnu-tools-for-stm32.12.3.rel1.win32_1.1.0.202410251130/tools/bin/../lib/gcc/arm-none-eabi/12.3.1/thumb/v7-m/nofp/crtbegin.o
                0x08006650                        PROVIDE (__init_array_end = .)
                0x08006650                        . = ALIGN (0x4)

.fini_array     0x08006650        0x4
                0x08006650                        . = ALIGN (0x4)
                [!provide]                        PROVIDE (__fini_array_start = .)
 *(SORT_BY_NAME(.fini_array.*))
 *(.fini_array*)
 .fini_array    0x08006650        0x4 C:/ST/STM32CubeIDE_1.17.0/STM32CubeIDE/plugins/com.st.stm32cube.ide.mcu.externaltools.gnu-tools-for-stm32.12.3.rel1.win32_1.1.0.202410251130/tools/bin/../lib/gcc/arm-none-eabi/12.3.1/thumb/v7-m/nofp/crtbegin.o
                [!provide]                        PROVIDE (__fini_array_end = .)
                0x08006654                        . = ALIGN (0x4)
                0x08006654                        _sidata = LOADADDR (.data)

.data           0x20000000       0x6c load address 0x08006654
                0x20000000                        . = ALIGN (0x4)
                0x20000000                        _sdata = .
 *(.data)
 *(.data*)
 .data.dmaExcludedCyclesState
                0x20000000        0x1 ./Core/Src/main.o
                0x20000000                dmaExcludedCyclesState
 *fill*         0x20000001        0x3 
 .data.adsMuxConfiguration
                0x20000004        0x4 ./Core/Src/main.o
                0x20000004                adsMuxConfiguration
 .data.SystemCoreClock
                0x20000008        0x4 ./Core/Src/system_stm32f1xx.o
                0x20000008                SystemCoreClock
 .data.uwTickPrio
                0x2000000c        0x4 ./Drivers/STM32F1xx_HAL_Driver/Src/stm32f1xx_hal.o
                0x2000000c                uwTickPrio
 .data.uwTickFreq
                0x20000010        0x1 ./Drivers/STM32F1xx_HAL_Driver/Src/stm32f1xx_hal.o
                0x20000010                uwTickFreq
 *fill*         0x20000011        0x3 
 .data._impure_ptr
                0x20000014        0x4 C:/ST/STM32CubeIDE_1.17.0/STM32CubeIDE/plugins/com.st.stm32cube.ide.mcu.externaltools.gnu-tools-for-stm32.12.3.rel1.win32_1.1.0.202410251130/tools/bin/../lib/gcc/arm-none-eabi/12.3.1/../../../../arm-none-eabi/lib/thumb/v7-m/nofp\libc_nano.a(libc_a-impure.o)
                0x20000014                _impure_ptr
 .data._impure_data
                0x20000018       0x4c C:/ST/STM32CubeIDE_1.17.0/STM32CubeIDE/plugins/com.st.stm32cube.ide.mcu.externaltools.gnu-tools-for-stm32.12.3.rel1.win32_1.1.0.202410251130/tools/bin/../lib/gcc/arm-none-eabi/12.3.1/../../../../arm-none-eabi/lib/thumb/v7-m/nofp\libc_nano.a(libc_a-impure.o)
                0x20000018                _impure_data
 .data.tiny     0x20000064        0x4 C:/ST/STM32CubeIDE_1.17.0/STM32CubeIDE/plugins/com.st.stm32cube.ide.mcu.externaltools.gnu-tools-for-stm32.12.3.rel1.win32_1.1.0.202410251130/tools/bin/../lib/gcc/arm-none-eabi/12.3.1/../../../../arm-none-eabi/lib/thumb/v7-m/nofp\libm.a(libm_a-ef_sqrt.o)
 .data.one      0x20000068        0x4 C:/ST/STM32CubeIDE_1.17.0/STM32CubeIDE/plugins/com.st.stm32cube.ide.mcu.externaltools.gnu-tools-for-stm32.12.3.rel1.win32_1.1.0.202410251130/tools/bin/../lib/gcc/arm-none-eabi/12.3.1/../../../../arm-none-eabi/lib/thumb/v7-m/nofp\libm.a(libm_a-ef_sqrt.o)
 *(.RamFunc)
 *(.RamFunc*)
                0x2000006c                        . = ALIGN (0x4)
                0x2000006c                        _edata = .

.igot.plt       0x2000006c        0x0 load address 0x080066c0
 .igot.plt      0x2000006c        0x0 C:/ST/STM32CubeIDE_1.17.0/STM32CubeIDE/plugins/com.st.stm32cube.ide.mcu.externaltools.gnu-tools-for-stm32.12.3.rel1.win32_1.1.0.202410251130/tools/bin/../lib/gcc/arm-none-eabi/12.3.1/thumb/v7-m/nofp/crtbegin.o
                0x2000006c                        . = ALIGN (0x4)

.bss            0x2000006c      0x524 load address 0x080066c0
                0x2000006c                        _sbss = .
                0x2000006c                        __bss_start__ = _sbss
 *(.bss)
 .bss           0x2000006c       0x1c C:/ST/STM32CubeIDE_1.17.0/STM32CubeIDE/plugins/com.st.stm32cube.ide.mcu.externaltools.gnu-tools-for-stm32.12.3.rel1.win32_1.1.0.202410251130/tools/bin/../lib/gcc/arm-none-eabi/12.3.1/thumb/v7-m/nofp/crtbegin.o
 *(.bss*)
 .bss.hadc1     0x20000088       0x30 ./Core/Src/main.o
                0x20000088                hadc1
 .bss.hdma_adc1
                0x200000b8       0x44 ./Core/Src/main.o
                0x200000b8                hdma_adc1
 .bss.hcan      0x200000fc       0x28 ./Core/Src/main.o
                0x200000fc                hcan
 .bss.hi2c1     0x20000124       0x54 ./Core/Src/main.o
                0x20000124                hi2c1
 .bss.htim2     0x20000178       0x48 ./Core/Src/main.o
                0x20000178                htim2
 .bss.htim3     0x200001c0       0x48 ./Core/Src/main.o
                0x200001c0                htim3
 .bss.htim4     0x20000208       0x48 ./Core/Src/main.o
                0x20000208                htim4
 .bss.pippo     0x20000250        0x4 ./Core/Src/main.o
                0x20000250                pippo
 .bss.pluto     0x20000254        0x4 ./Core/Src/main.o
                0x20000254                pluto
 .bss.paperino  0x20000258        0x1 ./Core/Src/main.o
                0x20000258                paperino
 .bss.error_I2C_test
                0x20000259        0x1 ./Core/Src/main.o
                0x20000259                error_I2C_test
 .bss.dmaIndex  0x2000025a        0x1 ./Core/Src/main.o
                0x2000025a                dmaIndex
 *fill*         0x2000025b        0x1 
 .bss.dmaCounter
                0x2000025c        0x4 ./Core/Src/main.o
                0x2000025c                dmaCounter
 .bss.dmaRawADC
                0x20000260       0x14 ./Core/Src/main.o
                0x20000260                dmaRawADC
 .bss.vRefRaw   0x20000274        0xa ./Core/Src/main.o
                0x20000274                vRefRaw
 *fill*         0x2000027e        0x2 
 .bss.microTempRaw
                0x20000280        0xa ./Core/Src/main.o
                0x20000280                microTempRaw
 *fill*         0x2000028a        0x2 
 .bss.pcbTempRaw
                0x2000028c        0xa ./Core/Src/main.o
                0x2000028c                pcbTempRaw
 *fill*         0x20000296        0x2 
 .bss.pt1Raw    0x20000298        0xa ./Core/Src/main.o
                0x20000298                pt1Raw
 *fill*         0x200002a2        0x2 
 .bss.pt2Raw    0x200002a4        0xa ./Core/Src/main.o
                0x200002a4                pt2Raw
 *fill*         0x200002ae        0x2 
 .bss.microTemp
                0x200002b0        0x4 ./Core/Src/main.o
                0x200002b0                microTemp
 .bss.pcbTemp   0x200002b4        0x4 ./Core/Src/main.o
                0x200002b4                pcbTemp
 .bss.pcbTempBuff
                0x200002b8        0xa ./Core/Src/main.o
                0x200002b8                pcbTempBuff
 *fill*         0x200002c2        0x2 
 .bss.microTempBuff
                0x200002c4        0xa ./Core/Src/main.o
                0x200002c4                microTempBuff
 *fill*         0x200002ce        0x2 
 .bss.vRefBuff  0x200002d0        0xa ./Core/Src/main.o
                0x200002d0                vRefBuff
 *fill*         0x200002da        0x2 
 .bss.pt1Buff   0x200002dc        0xa ./Core/Src/main.o
                0x200002dc                pt1Buff
 *fill*         0x200002e6        0x2 
 .bss.pt2Buff   0x200002e8        0xa ./Core/Src/main.o
                0x200002e8                pt2Buff
 *fill*         0x200002f2        0x2 
 .bss.pHeaderHighFreq
                0x200002f4       0x18 ./Core/Src/main.o
                0x200002f4                pHeaderHighFreq
 .bss.pHeaderLowFreq
                0x2000030c       0x18 ./Core/Src/main.o
                0x2000030c                pHeaderLowFreq
 .bss.pTxMailbox
                0x20000324        0x4 ./Core/Src/main.o
                0x20000324                pTxMailbox
 .bss.sFilterConfig
                0x20000328       0x28 ./Core/Src/main.o
                0x20000328                sFilterConfig
 .bss.pDataLowFreq
                0x20000350        0x8 ./Core/Src/main.o
                0x20000350                pDataLowFreq
 .bss.pDataHighFreq
                0x20000358        0x8 ./Core/Src/main.o
                0x20000358                pDataHighFreq
 .bss.adsConfigBuffer
                0x20000360        0x3 ./Core/Src/main.o
                0x20000360                adsConfigBuffer
 *fill*         0x20000363        0x1 
 .bss.adsRawValues
                0x20000364        0x8 ./Core/Src/main.o
                0x20000364                adsRawValues
 .bss.adsRetBuffer
                0x2000036c        0x2 ./Core/Src/main.o
                0x2000036c                adsRetBuffer
 *fill*         0x2000036e        0x2 
 .bss.adsVoltageValues
                0x20000370       0x10 ./Core/Src/main.o
                0x20000370                adsVoltageValues
 .bss.adsVread3_Right
                0x20000380        0x4 ./Core/Src/main.o
                0x20000380                adsVread3_Right
 .bss.adsVread2_Left
                0x20000384        0x4 ./Core/Src/main.o
                0x20000384                adsVread2_Left
 .bss.adsNextIndex
                0x20000388        0x1 ./Core/Src/main.o
                0x20000388                adsNextIndex
 *fill*         0x20000389        0x3 
 .bss.adsCh0    0x2000038c       0x14 ./Core/Src/main.o
                0x2000038c                adsCh0
 .bss.adsCh1    0x200003a0       0x14 ./Core/Src/main.o
                0x200003a0                adsCh1
 .bss.adsCh2    0x200003b4       0x14 ./Core/Src/main.o
                0x200003b4                adsCh2
 .bss.adsCh3    0x200003c8       0x14 ./Core/Src/main.o
                0x200003c8                adsCh3
 .bss.adsAverageCh
                0x200003dc       0x10 ./Core/Src/main.o
                0x200003dc                adsAverageCh
 .bss.adsIndex  0x200003ec        0x1 ./Core/Src/main.o
                0x200003ec                adsIndex
 *fill*         0x200003ed        0x3 
 .bss.adsCounter
                0x200003f0        0x4 ./Core/Src/main.o
                0x200003f0                adsCounter
 .bss.heightSensor1
                0x200003f4        0x4 ./Core/Src/main.o
                0x200003f4                heightSensor1
 .bss.heightSensor2
                0x200003f8        0x4 ./Core/Src/main.o
                0x200003f8                heightSensor2
 .bss.tempBrakeSensor1
                0x200003fc        0x4 ./Core/Src/main.o
                0x200003fc                tempBrakeSensor1
 .bss.tempBrakeSensor2
                0x20000400        0x4 ./Core/Src/main.o
                0x20000400                tempBrakeSensor2
 .bss.htim1     0x20000404       0x48 ./Core/Src/main.o
                0x20000404                htim1
 .bss.oversamplingVoltages
                0x2000044c        0x4 ./Core/Src/main.o
                0x2000044c                oversamplingVoltages
 .bss.tim_elapsed_flag
                0x20000450        0x1 ./Core/Src/main.o
                0x20000450                tim_elapsed_flag
 *fill*         0x20000451        0x3 
 .bss.uwTick    0x20000454        0x4 ./Drivers/STM32F1xx_HAL_Driver/Src/stm32f1xx_hal.o
                0x20000454                uwTick
 .bss.__sf      0x20000458      0x138 C:/ST/STM32CubeIDE_1.17.0/STM32CubeIDE/plugins/com.st.stm32cube.ide.mcu.externaltools.gnu-tools-for-stm32.12.3.rel1.win32_1.1.0.202410251130/tools/bin/../lib/gcc/arm-none-eabi/12.3.1/../../../../arm-none-eabi/lib/thumb/v7-m/nofp\libc_nano.a(libc_a-findfp.o)
                0x20000458                __sf
 *(COMMON)
                0x20000590                        . = ALIGN (0x4)
                0x20000590                        _ebss = .
                0x20000590                        __bss_end__ = _ebss

._user_heap_stack
                0x20000590      0x600 load address 0x080066c0
                0x20000590                        . = ALIGN (0x8)
                [!provide]                        PROVIDE (end = .)
                0x20000590                        PROVIDE (_end = .)
                0x20000790                        . = (. + _Min_Heap_Size)
 *fill*         0x20000590      0x200 
                0x20000b90                        . = (. + _Min_Stack_Size)
 *fill*         0x20000790      0x400 
                0x20000b90                        . = ALIGN (0x8)

/DISCARD/
 libc.a(*)
 libm.a(*)
 libgcc.a(*)

.ARM.attributes
                0x00000000       0x29
 *(.ARM.attributes)
 .ARM.attributes
                0x00000000       0x1d C:/ST/STM32CubeIDE_1.17.0/STM32CubeIDE/plugins/com.st.stm32cube.ide.mcu.externaltools.gnu-tools-for-stm32.12.3.rel1.win32_1.1.0.202410251130/tools/bin/../lib/gcc/arm-none-eabi/12.3.1/thumb/v7-m/nofp/crti.o
 .ARM.attributes
                0x0000001d       0x2d C:/ST/STM32CubeIDE_1.17.0/STM32CubeIDE/plugins/com.st.stm32cube.ide.mcu.externaltools.gnu-tools-for-stm32.12.3.rel1.win32_1.1.0.202410251130/tools/bin/../lib/gcc/arm-none-eabi/12.3.1/thumb/v7-m/nofp/crtbegin.o
 .ARM.attributes
                0x0000004a       0x2d ./Core/Src/functions.o
 .ARM.attributes
                0x00000077       0x2d ./Core/Src/lmt84.o
 .ARM.attributes
                0x000000a4       0x2d ./Core/Src/main.o
 .ARM.attributes
                0x000000d1       0x2d ./Core/Src/stm32_adc_utils.o
 .ARM.attributes
                0x000000fe       0x2d ./Core/Src/stm32f1xx_hal_msp.o
 .ARM.attributes
                0x0000012b       0x2d ./Core/Src/stm32f1xx_it.o
 .ARM.attributes
                0x00000158       0x2d ./Core/Src/system_stm32f1xx.o
 .ARM.attributes
                0x00000185       0x21 ./Core/Startup/startup_stm32f103c8tx.o
 .ARM.attributes
                0x000001a6       0x2d ./Drivers/STM32F1xx_HAL_Driver/Src/stm32f1xx_hal.o
 .ARM.attributes
                0x000001d3       0x2d ./Drivers/STM32F1xx_HAL_Driver/Src/stm32f1xx_hal_adc.o
 .ARM.attributes
                0x00000200       0x2d ./Drivers/STM32F1xx_HAL_Driver/Src/stm32f1xx_hal_adc_ex.o
 .ARM.attributes
                0x0000022d       0x2d ./Drivers/STM32F1xx_HAL_Driver/Src/stm32f1xx_hal_can.o
 .ARM.attributes
                0x0000025a       0x2d ./Drivers/STM32F1xx_HAL_Driver/Src/stm32f1xx_hal_cortex.o
 .ARM.attributes
                0x00000287       0x2d ./Drivers/STM32F1xx_HAL_Driver/Src/stm32f1xx_hal_dma.o
 .ARM.attributes
                0x000002b4       0x2d ./Drivers/STM32F1xx_HAL_Driver/Src/stm32f1xx_hal_gpio.o
 .ARM.attributes
                0x000002e1       0x2d ./Drivers/STM32F1xx_HAL_Driver/Src/stm32f1xx_hal_i2c.o
 .ARM.attributes
                0x0000030e       0x2d ./Drivers/STM32F1xx_HAL_Driver/Src/stm32f1xx_hal_rcc.o
 .ARM.attributes
                0x0000033b       0x2d ./Drivers/STM32F1xx_HAL_Driver/Src/stm32f1xx_hal_rcc_ex.o
 .ARM.attributes
                0x00000368       0x2d ./Drivers/STM32F1xx_HAL_Driver/Src/stm32f1xx_hal_tim.o
 .ARM.attributes
                0x00000395       0x2d ./Drivers/STM32F1xx_HAL_Driver/Src/stm32f1xx_hal_tim_ex.o
 .ARM.attributes
                0x000003c2       0x2d C:/ST/STM32CubeIDE_1.17.0/STM32CubeIDE/plugins/com.st.stm32cube.ide.mcu.externaltools.gnu-tools-for-stm32.12.3.rel1.win32_1.1.0.202410251130/tools/bin/../lib/gcc/arm-none-eabi/12.3.1/../../../../arm-none-eabi/lib/thumb/v7-m/nofp\libc_nano.a(libc_a-findfp.o)
 .ARM.attributes
                0x000003ef       0x2d C:/ST/STM32CubeIDE_1.17.0/STM32CubeIDE/plugins/com.st.stm32cube.ide.mcu.externaltools.gnu-tools-for-stm32.12.3.rel1.win32_1.1.0.202410251130/tools/bin/../lib/gcc/arm-none-eabi/12.3.1/../../../../arm-none-eabi/lib/thumb/v7-m/nofp\libc_nano.a(libc_a-memset.o)
 .ARM.attributes
                0x0000041c       0x2d C:/ST/STM32CubeIDE_1.17.0/STM32CubeIDE/plugins/com.st.stm32cube.ide.mcu.externaltools.gnu-tools-for-stm32.12.3.rel1.win32_1.1.0.202410251130/tools/bin/../lib/gcc/arm-none-eabi/12.3.1/../../../../arm-none-eabi/lib/thumb/v7-m/nofp\libc_nano.a(libc_a-impure.o)
 .ARM.attributes
                0x00000449       0x2d C:/ST/STM32CubeIDE_1.17.0/STM32CubeIDE/plugins/com.st.stm32cube.ide.mcu.externaltools.gnu-tools-for-stm32.12.3.rel1.win32_1.1.0.202410251130/tools/bin/../lib/gcc/arm-none-eabi/12.3.1/../../../../arm-none-eabi/lib/thumb/v7-m/nofp\libc_nano.a(libc_a-errno.o)
 .ARM.attributes
                0x00000476       0x2d C:/ST/STM32CubeIDE_1.17.0/STM32CubeIDE/plugins/com.st.stm32cube.ide.mcu.externaltools.gnu-tools-for-stm32.12.3.rel1.win32_1.1.0.202410251130/tools/bin/../lib/gcc/arm-none-eabi/12.3.1/../../../../arm-none-eabi/lib/thumb/v7-m/nofp\libc_nano.a(libc_a-init.o)
 .ARM.attributes
                0x000004a3       0x2d C:/ST/STM32CubeIDE_1.17.0/STM32CubeIDE/plugins/com.st.stm32cube.ide.mcu.externaltools.gnu-tools-for-stm32.12.3.rel1.win32_1.1.0.202410251130/tools/bin/../lib/gcc/arm-none-eabi/12.3.1/../../../../arm-none-eabi/lib/thumb/v7-m/nofp\libc_nano.a(libc_a-memcpy-stub.o)
 .ARM.attributes
                0x000004d0       0x2d C:/ST/STM32CubeIDE_1.17.0/STM32CubeIDE/plugins/com.st.stm32cube.ide.mcu.externaltools.gnu-tools-for-stm32.12.3.rel1.win32_1.1.0.202410251130/tools/bin/../lib/gcc/arm-none-eabi/12.3.1/../../../../arm-none-eabi/lib/thumb/v7-m/nofp\libm.a(libm_a-wf_sqrt.o)
 .ARM.attributes
                0x000004fd       0x2d C:/ST/STM32CubeIDE_1.17.0/STM32CubeIDE/plugins/com.st.stm32cube.ide.mcu.externaltools.gnu-tools-for-stm32.12.3.rel1.win32_1.1.0.202410251130/tools/bin/../lib/gcc/arm-none-eabi/12.3.1/../../../../arm-none-eabi/lib/thumb/v7-m/nofp\libm.a(libm_a-ef_sqrt.o)
 .ARM.attributes
                0x0000052a       0x1d C:/ST/STM32CubeIDE_1.17.0/STM32CubeIDE/plugins/com.st.stm32cube.ide.mcu.externaltools.gnu-tools-for-stm32.12.3.rel1.win32_1.1.0.202410251130/tools/bin/../lib/gcc/arm-none-eabi/12.3.1/thumb/v7-m/nofp\libgcc.a(_arm_addsubsf3.o)
 .ARM.attributes
                0x00000547       0x1d C:/ST/STM32CubeIDE_1.17.0/STM32CubeIDE/plugins/com.st.stm32cube.ide.mcu.externaltools.gnu-tools-for-stm32.12.3.rel1.win32_1.1.0.202410251130/tools/bin/../lib/gcc/arm-none-eabi/12.3.1/thumb/v7-m/nofp\libgcc.a(_arm_muldivsf3.o)
 .ARM.attributes
                0x00000564       0x1d C:/ST/STM32CubeIDE_1.17.0/STM32CubeIDE/plugins/com.st.stm32cube.ide.mcu.externaltools.gnu-tools-for-stm32.12.3.rel1.win32_1.1.0.202410251130/tools/bin/../lib/gcc/arm-none-eabi/12.3.1/thumb/v7-m/nofp\libgcc.a(_arm_cmpsf2.o)
 .ARM.attributes
                0x00000581       0x1d C:/ST/STM32CubeIDE_1.17.0/STM32CubeIDE/plugins/com.st.stm32cube.ide.mcu.externaltools.gnu-tools-for-stm32.12.3.rel1.win32_1.1.0.202410251130/tools/bin/../lib/gcc/arm-none-eabi/12.3.1/thumb/v7-m/nofp\libgcc.a(_arm_unordsf2.o)
 .ARM.attributes
                0x0000059e       0x1d C:/ST/STM32CubeIDE_1.17.0/STM32CubeIDE/plugins/com.st.stm32cube.ide.mcu.externaltools.gnu-tools-for-stm32.12.3.rel1.win32_1.1.0.202410251130/tools/bin/../lib/gcc/arm-none-eabi/12.3.1/thumb/v7-m/nofp\libgcc.a(_arm_fixunssfsi.o)
 .ARM.attributes
                0x000005bb       0x1d C:/ST/STM32CubeIDE_1.17.0/STM32CubeIDE/plugins/com.st.stm32cube.ide.mcu.externaltools.gnu-tools-for-stm32.12.3.rel1.win32_1.1.0.202410251130/tools/bin/../lib/gcc/arm-none-eabi/12.3.1/thumb/v7-m/nofp/crtn.o
OUTPUT(Datalogger_103C8T7_V2.elf elf32-littlearm)
LOAD linker stubs
LOAD C:/ST/STM32CubeIDE_1.17.0/STM32CubeIDE/plugins/com.st.stm32cube.ide.mcu.externaltools.gnu-tools-for-stm32.12.3.rel1.win32_1.1.0.202410251130/tools/bin/../lib/gcc/arm-none-eabi/12.3.1/../../../../arm-none-eabi/lib/thumb/v7-m/nofp\libc.a
LOAD C:/ST/STM32CubeIDE_1.17.0/STM32CubeIDE/plugins/com.st.stm32cube.ide.mcu.externaltools.gnu-tools-for-stm32.12.3.rel1.win32_1.1.0.202410251130/tools/bin/../lib/gcc/arm-none-eabi/12.3.1/../../../../arm-none-eabi/lib/thumb/v7-m/nofp\libm.a
LOAD C:/ST/STM32CubeIDE_1.17.0/STM32CubeIDE/plugins/com.st.stm32cube.ide.mcu.externaltools.gnu-tools-for-stm32.12.3.rel1.win32_1.1.0.202410251130/tools/bin/../lib/gcc/arm-none-eabi/12.3.1/thumb/v7-m/nofp\libgcc.a

.debug_info     0x00000000    0x12415
 .debug_info    0x00000000     0x100c ./Core/Src/functions.o
 .debug_info    0x0000100c     0x1e4f ./Core/Src/lmt84.o
 .debug_info    0x00002e5b     0x1f91 ./Core/Src/main.o
 .debug_info    0x00004dec      0x5c6 ./Core/Src/stm32_adc_utils.o
 .debug_info    0x000053b2     0x14eb ./Core/Src/stm32f1xx_hal_msp.o
 .debug_info    0x0000689d      0x6fe ./Core/Src/stm32f1xx_it.o
 .debug_info    0x00006f9b      0x222 ./Core/Src/system_stm32f1xx.o
 .debug_info    0x000071bd       0x30 ./Core/Startup/startup_stm32f103c8tx.o
 .debug_info    0x000071ed      0x704 ./Drivers/STM32F1xx_HAL_Driver/Src/stm32f1xx_hal.o
 .debug_info    0x000078f1      0xc50 ./Drivers/STM32F1xx_HAL_Driver/Src/stm32f1xx_hal_adc.o
 .debug_info    0x00008541      0xa10 ./Drivers/STM32F1xx_HAL_Driver/Src/stm32f1xx_hal_adc_ex.o
 .debug_info    0x00008f51      0xf13 ./Drivers/STM32F1xx_HAL_Driver/Src/stm32f1xx_hal_can.o
 .debug_info    0x00009e64      0xa87 ./Drivers/STM32F1xx_HAL_Driver/Src/stm32f1xx_hal_cortex.o
 .debug_info    0x0000a8eb      0x6d2 ./Drivers/STM32F1xx_HAL_Driver/Src/stm32f1xx_hal_dma.o
 .debug_info    0x0000afbd      0x5ab ./Drivers/STM32F1xx_HAL_Driver/Src/stm32f1xx_hal_gpio.o
 .debug_info    0x0000b568     0x2524 ./Drivers/STM32F1xx_HAL_Driver/Src/stm32f1xx_hal_i2c.o
 .debug_info    0x0000da8c      0x7d5 ./Drivers/STM32F1xx_HAL_Driver/Src/stm32f1xx_hal_rcc.o
 .debug_info    0x0000e261      0x3c0 ./Drivers/STM32F1xx_HAL_Driver/Src/stm32f1xx_hal_rcc_ex.o
 .debug_info    0x0000e621     0x2959 ./Drivers/STM32F1xx_HAL_Driver/Src/stm32f1xx_hal_tim.o
 .debug_info    0x00010f7a     0x149b ./Drivers/STM32F1xx_HAL_Driver/Src/stm32f1xx_hal_tim_ex.o

.debug_abbrev   0x00000000     0x2acc
 .debug_abbrev  0x00000000      0x28e ./Core/Src/functions.o
 .debug_abbrev  0x0000028e      0x293 ./Core/Src/lmt84.o
 .debug_abbrev  0x00000521      0x351 ./Core/Src/main.o
 .debug_abbrev  0x00000872      0x199 ./Core/Src/stm32_adc_utils.o
 .debug_abbrev  0x00000a0b      0x29b ./Core/Src/stm32f1xx_hal_msp.o
 .debug_abbrev  0x00000ca6      0x194 ./Core/Src/stm32f1xx_it.o
 .debug_abbrev  0x00000e3a      0x13f ./Core/Src/system_stm32f1xx.o
 .debug_abbrev  0x00000f79       0x24 ./Core/Startup/startup_stm32f103c8tx.o
 .debug_abbrev  0x00000f9d      0x201 ./Drivers/STM32F1xx_HAL_Driver/Src/stm32f1xx_hal.o
 .debug_abbrev  0x0000119e      0x225 ./Drivers/STM32F1xx_HAL_Driver/Src/stm32f1xx_hal_adc.o
 .debug_abbrev  0x000013c3      0x249 ./Drivers/STM32F1xx_HAL_Driver/Src/stm32f1xx_hal_adc_ex.o
 .debug_abbrev  0x0000160c      0x21c ./Drivers/STM32F1xx_HAL_Driver/Src/stm32f1xx_hal_can.o
 .debug_abbrev  0x00001828      0x2f8 ./Drivers/STM32F1xx_HAL_Driver/Src/stm32f1xx_hal_cortex.o
 .debug_abbrev  0x00001b20      0x20b ./Drivers/STM32F1xx_HAL_Driver/Src/stm32f1xx_hal_dma.o
 .debug_abbrev  0x00001d2b      0x1ca ./Drivers/STM32F1xx_HAL_Driver/Src/stm32f1xx_hal_gpio.o
 .debug_abbrev  0x00001ef5      0x2a3 ./Drivers/STM32F1xx_HAL_Driver/Src/stm32f1xx_hal_i2c.o
 .debug_abbrev  0x00002198      0x2b3 ./Drivers/STM32F1xx_HAL_Driver/Src/stm32f1xx_hal_rcc.o
 .debug_abbrev  0x0000244b      0x188 ./Drivers/STM32F1xx_HAL_Driver/Src/stm32f1xx_hal_rcc_ex.o
 .debug_abbrev  0x000025d3      0x277 ./Drivers/STM32F1xx_HAL_Driver/Src/stm32f1xx_hal_tim.o
 .debug_abbrev  0x0000284a      0x282 ./Drivers/STM32F1xx_HAL_Driver/Src/stm32f1xx_hal_tim_ex.o

.debug_aranges  0x00000000     0x1098
 .debug_aranges
                0x00000000       0x88 ./Core/Src/functions.o
 .debug_aranges
                0x00000088       0x28 ./Core/Src/lmt84.o
 .debug_aranges
                0x000000b0       0x88 ./Core/Src/main.o
 .debug_aranges
                0x00000138       0x30 ./Core/Src/stm32_adc_utils.o
 .debug_aranges
                0x00000168       0x60 ./Core/Src/stm32f1xx_hal_msp.o
 .debug_aranges
                0x000001c8       0x80 ./Core/Src/stm32f1xx_it.o
 .debug_aranges
                0x00000248       0x28 ./Core/Src/system_stm32f1xx.o
 .debug_aranges
                0x00000270       0x28 ./Core/Startup/startup_stm32f103c8tx.o
 .debug_aranges
                0x00000298       0xe0 ./Drivers/STM32F1xx_HAL_Driver/Src/stm32f1xx_hal.o
 .debug_aranges
                0x00000378       0xf0 ./Drivers/STM32F1xx_HAL_Driver/Src/stm32f1xx_hal_adc.o
 .debug_aranges
                0x00000468       0x80 ./Drivers/STM32F1xx_HAL_Driver/Src/stm32f1xx_hal_adc_ex.o
 .debug_aranges
                0x000004e8      0x138 ./Drivers/STM32F1xx_HAL_Driver/Src/stm32f1xx_hal_can.o
 .debug_aranges
                0x00000620      0x100 ./Drivers/STM32F1xx_HAL_Driver/Src/stm32f1xx_hal_cortex.o
 .debug_aranges
                0x00000720       0x80 ./Drivers/STM32F1xx_HAL_Driver/Src/stm32f1xx_hal_dma.o
 .debug_aranges
                0x000007a0       0x58 ./Drivers/STM32F1xx_HAL_Driver/Src/stm32f1xx_hal_gpio.o
 .debug_aranges
                0x000007f8      0x2a8 ./Drivers/STM32F1xx_HAL_Driver/Src/stm32f1xx_hal_i2c.o
 .debug_aranges
                0x00000aa0       0x90 ./Drivers/STM32F1xx_HAL_Driver/Src/stm32f1xx_hal_rcc.o
 .debug_aranges
                0x00000b30       0x30 ./Drivers/STM32F1xx_HAL_Driver/Src/stm32f1xx_hal_rcc_ex.o
 .debug_aranges
                0x00000b60      0x3d0 ./Drivers/STM32F1xx_HAL_Driver/Src/stm32f1xx_hal_tim.o
 .debug_aranges
                0x00000f30      0x168 ./Drivers/STM32F1xx_HAL_Driver/Src/stm32f1xx_hal_tim_ex.o

.debug_rnglists
                0x00000000      0xcf6
 .debug_rnglists
                0x00000000       0x68 ./Core/Src/functions.o
 .debug_rnglists
                0x00000068       0x1a ./Core/Src/lmt84.o
 .debug_rnglists
                0x00000082       0x6a ./Core/Src/main.o
 .debug_rnglists
                0x000000ec       0x1f ./Core/Src/stm32_adc_utils.o
 .debug_rnglists
                0x0000010b       0x46 ./Core/Src/stm32f1xx_hal_msp.o
 .debug_rnglists
                0x00000151       0x5b ./Core/Src/stm32f1xx_it.o
 .debug_rnglists
                0x000001ac       0x1a ./Core/Src/system_stm32f1xx.o
 .debug_rnglists
                0x000001c6       0x19 ./Core/Startup/startup_stm32f103c8tx.o
 .debug_rnglists
                0x000001df       0xa3 ./Drivers/STM32F1xx_HAL_Driver/Src/stm32f1xx_hal.o
 .debug_rnglists
                0x00000282       0xbc ./Drivers/STM32F1xx_HAL_Driver/Src/stm32f1xx_hal_adc.o
 .debug_rnglists
                0x0000033e       0x65 ./Drivers/STM32F1xx_HAL_Driver/Src/stm32f1xx_hal_adc_ex.o
 .debug_rnglists
                0x000003a3       0xed ./Drivers/STM32F1xx_HAL_Driver/Src/stm32f1xx_hal_can.o
 .debug_rnglists
                0x00000490       0xbb ./Drivers/STM32F1xx_HAL_Driver/Src/stm32f1xx_hal_cortex.o
 .debug_rnglists
                0x0000054b       0x64 ./Drivers/STM32F1xx_HAL_Driver/Src/stm32f1xx_hal_dma.o
 .debug_rnglists
                0x000005af       0x3f ./Drivers/STM32F1xx_HAL_Driver/Src/stm32f1xx_hal_gpio.o
 .debug_rnglists
                0x000005ee      0x23c ./Drivers/STM32F1xx_HAL_Driver/Src/stm32f1xx_hal_i2c.o
 .debug_rnglists
                0x0000082a       0x6c ./Drivers/STM32F1xx_HAL_Driver/Src/stm32f1xx_hal_rcc.o
 .debug_rnglists
                0x00000896       0x21 ./Drivers/STM32F1xx_HAL_Driver/Src/stm32f1xx_hal_rcc_ex.o
 .debug_rnglists
                0x000008b7      0x31a ./Drivers/STM32F1xx_HAL_Driver/Src/stm32f1xx_hal_tim.o
 .debug_rnglists
                0x00000bd1      0x125 ./Drivers/STM32F1xx_HAL_Driver/Src/stm32f1xx_hal_tim_ex.o

.debug_macro    0x00000000    0x19250
 .debug_macro   0x00000000      0x1ec ./Core/Src/functions.o
 .debug_macro   0x000001ec      0xaa8 ./Core/Src/functions.o
 .debug_macro   0x00000c94       0x22 ./Core/Src/functions.o
 .debug_macro   0x00000cb6       0x8e ./Core/Src/functions.o
 .debug_macro   0x00000d44       0x51 ./Core/Src/functions.o
 .debug_macro   0x00000d95      0x103 ./Core/Src/functions.o
 .debug_macro   0x00000e98       0x6a ./Core/Src/functions.o
 .debug_macro   0x00000f02      0x1df ./Core/Src/functions.o
 .debug_macro   0x000010e1       0x22 ./Core/Src/functions.o
 .debug_macro   0x00001103      0x22d ./Core/Src/functions.o
 .debug_macro   0x00001330       0x2e ./Core/Src/functions.o
 .debug_macro   0x0000135e       0x22 ./Core/Src/functions.o
 .debug_macro   0x00001380       0x1c ./Core/Src/functions.o
 .debug_macro   0x0000139c       0x22 ./Core/Src/functions.o
 .debug_macro   0x000013be       0xbd ./Core/Src/functions.o
 .debug_macro   0x0000147b      0xd23 ./Core/Src/functions.o
 .debug_macro   0x0000219e     0xe09e ./Core/Src/functions.o
 .debug_macro   0x0001023c       0x6d ./Core/Src/functions.o
 .debug_macro   0x000102a9     0x34a2 ./Core/Src/functions.o
 .debug_macro   0x0001374b      0x189 ./Core/Src/functions.o
 .debug_macro   0x000138d4       0x5c ./Core/Src/functions.o
 .debug_macro   0x00013930      0x5bc ./Core/Src/functions.o
 .debug_macro   0x00013eec      0x289 ./Core/Src/functions.o
 .debug_macro   0x00014175      0x1cb ./Core/Src/functions.o
 .debug_macro   0x00014340      0x114 ./Core/Src/functions.o
 .debug_macro   0x00014454      0x1b2 ./Core/Src/functions.o
 .debug_macro   0x00014606       0x27 ./Core/Src/functions.o
 .debug_macro   0x0001462d      0x136 ./Core/Src/functions.o
 .debug_macro   0x00014763      0x1bc ./Core/Src/functions.o
 .debug_macro   0x0001491f       0x34 ./Core/Src/functions.o
 .debug_macro   0x00014953       0x3c ./Core/Src/functions.o
 .debug_macro   0x0001498f      0x408 ./Core/Src/functions.o
 .debug_macro   0x00014d97       0x57 ./Core/Src/functions.o
 .debug_macro   0x00014dee      0x46a ./Core/Src/functions.o
 .debug_macro   0x00015258      0x1b5 ./Core/Src/functions.o
 .debug_macro   0x0001540d       0x87 ./Core/Src/functions.o
 .debug_macro   0x00015494      0x240 ./Core/Src/functions.o
 .debug_macro   0x000156d4      0x287 ./Core/Src/functions.o
 .debug_macro   0x0001595b      0x140 ./Core/Src/functions.o
 .debug_macro   0x00015a9b      0x8ed ./Core/Src/functions.o
 .debug_macro   0x00016388       0x83 ./Core/Src/functions.o
 .debug_macro   0x0001640b       0x64 ./Core/Src/functions.o
 .debug_macro   0x0001646f      0x19c ./Core/Src/functions.o
 .debug_macro   0x0001660b      0x11c ./Core/Src/lmt84.o
 .debug_macro   0x00016727       0x40 ./Core/Src/lmt84.o
 .debug_macro   0x00016767       0x61 ./Core/Src/lmt84.o
 .debug_macro   0x000167c8       0x24 ./Core/Src/lmt84.o
 .debug_macro   0x000167ec       0x43 ./Core/Src/lmt84.o
 .debug_macro   0x0001682f       0x34 ./Core/Src/lmt84.o
 .debug_macro   0x00016863       0x16 ./Core/Src/lmt84.o
 .debug_macro   0x00016879       0x43 ./Core/Src/lmt84.o
 .debug_macro   0x000168bc       0x34 ./Core/Src/lmt84.o
 .debug_macro   0x000168f0       0x10 ./Core/Src/lmt84.o
 .debug_macro   0x00016900       0x58 ./Core/Src/lmt84.o
 .debug_macro   0x00016958       0x8e ./Core/Src/lmt84.o
 .debug_macro   0x000169e6       0x1c ./Core/Src/lmt84.o
 .debug_macro   0x00016a02      0x177 ./Core/Src/lmt84.o
 .debug_macro   0x00016b79      0x369 ./Core/Src/lmt84.o
 .debug_macro   0x00016ee2      0x19b ./Core/Src/lmt84.o
 .debug_macro   0x0001707d      0x2e8 ./Core/Src/main.o
 .debug_macro   0x00017365       0x70 ./Core/Src/main.o
 .debug_macro   0x000173d5       0x76 ./Core/Src/main.o
 .debug_macro   0x0001744b       0x22 ./Core/Src/main.o
 .debug_macro   0x0001746d       0x10 ./Core/Src/main.o
 .debug_macro   0x0001747d       0x35 ./Core/Src/main.o
 .debug_macro   0x000174b2       0x20 ./Core/Src/main.o
 .debug_macro   0x000174d2      0x1d9 ./Core/Src/stm32_adc_utils.o
 .debug_macro   0x000176ab      0x1d0 ./Core/Src/stm32f1xx_hal_msp.o
 .debug_macro   0x0001787b      0x1da ./Core/Src/stm32f1xx_it.o
 .debug_macro   0x00017a55      0x1c1 ./Core/Src/system_stm32f1xx.o
 .debug_macro   0x00017c16      0x1e5 ./Drivers/STM32F1xx_HAL_Driver/Src/stm32f1xx_hal.o
 .debug_macro   0x00017dfb      0x1de ./Drivers/STM32F1xx_HAL_Driver/Src/stm32f1xx_hal_adc.o
 .debug_macro   0x00017fd9      0x1d3 ./Drivers/STM32F1xx_HAL_Driver/Src/stm32f1xx_hal_adc_ex.o
 .debug_macro   0x000181ac      0x1d0 ./Drivers/STM32F1xx_HAL_Driver/Src/stm32f1xx_hal_can.o
 .debug_macro   0x0001837c      0x1c1 ./Drivers/STM32F1xx_HAL_Driver/Src/stm32f1xx_hal_cortex.o
 .debug_macro   0x0001853d      0x1c1 ./Drivers/STM32F1xx_HAL_Driver/Src/stm32f1xx_hal_dma.o
 .debug_macro   0x000186fe      0x22c ./Drivers/STM32F1xx_HAL_Driver/Src/stm32f1xx_hal_gpio.o
 .debug_macro   0x0001892a      0x20f ./Drivers/STM32F1xx_HAL_Driver/Src/stm32f1xx_hal_i2c.o
 .debug_macro   0x00018b39      0x1d3 ./Drivers/STM32F1xx_HAL_Driver/Src/stm32f1xx_hal_rcc.o
 .debug_macro   0x00018d0c      0x1c1 ./Drivers/STM32F1xx_HAL_Driver/Src/stm32f1xx_hal_rcc_ex.o
 .debug_macro   0x00018ecd      0x1c2 ./Drivers/STM32F1xx_HAL_Driver/Src/stm32f1xx_hal_tim.o
 .debug_macro   0x0001908f      0x1c1 ./Drivers/STM32F1xx_HAL_Driver/Src/stm32f1xx_hal_tim_ex.o

.debug_line     0x00000000    0x14338
 .debug_line    0x00000000      0xc47 ./Core/Src/functions.o
 .debug_line    0x00000c47      0x613 ./Core/Src/lmt84.o
 .debug_line    0x0000125a      0xf41 ./Core/Src/main.o
 .debug_line    0x0000219b      0x7a4 ./Core/Src/stm32_adc_utils.o
 .debug_line    0x0000293f      0x8cc ./Core/Src/stm32f1xx_hal_msp.o
 .debug_line    0x0000320b      0x866 ./Core/Src/stm32f1xx_it.o
 .debug_line    0x00003a71      0x7c2 ./Core/Src/system_stm32f1xx.o
 .debug_line    0x00004233       0x78 ./Core/Startup/startup_stm32f103c8tx.o
 .debug_line    0x000042ab      0x9ef ./Drivers/STM32F1xx_HAL_Driver/Src/stm32f1xx_hal.o
 .debug_line    0x00004c9a     0x106c ./Drivers/STM32F1xx_HAL_Driver/Src/stm32f1xx_hal_adc.o
 .debug_line    0x00005d06      0xda6 ./Drivers/STM32F1xx_HAL_Driver/Src/stm32f1xx_hal_adc_ex.o
 .debug_line    0x00006aac     0x11d1 ./Drivers/STM32F1xx_HAL_Driver/Src/stm32f1xx_hal_can.o
 .debug_line    0x00007c7d      0xbdb ./Drivers/STM32F1xx_HAL_Driver/Src/stm32f1xx_hal_cortex.o
 .debug_line    0x00008858      0xe48 ./Drivers/STM32F1xx_HAL_Driver/Src/stm32f1xx_hal_dma.o
 .debug_line    0x000096a0      0xa88 ./Drivers/STM32F1xx_HAL_Driver/Src/stm32f1xx_hal_gpio.o
 .debug_line    0x0000a128     0x3c8c ./Drivers/STM32F1xx_HAL_Driver/Src/stm32f1xx_hal_i2c.o
 .debug_line    0x0000ddb4      0xdf8 ./Drivers/STM32F1xx_HAL_Driver/Src/stm32f1xx_hal_rcc.o
 .debug_line    0x0000ebac      0x93a ./Drivers/STM32F1xx_HAL_Driver/Src/stm32f1xx_hal_rcc_ex.o
 .debug_line    0x0000f4e6     0x3514 ./Drivers/STM32F1xx_HAL_Driver/Src/stm32f1xx_hal_tim.o
 .debug_line    0x000129fa     0x193e ./Drivers/STM32F1xx_HAL_Driver/Src/stm32f1xx_hal_tim_ex.o

.debug_str      0x00000000    0x93aac
 .debug_str     0x00000000    0x8ac83 ./Core/Src/functions.o
                              0x8b0f8 (size before relaxing)
 .debug_str     0x0008ac83     0x42d7 ./Core/Src/lmt84.o
                               0x849e (size before relaxing)
 .debug_str     0x0008ef5a     0x12c7 ./Core/Src/main.o
                              0x8f3d0 (size before relaxing)
 .debug_str     0x00090221       0x48 ./Core/Src/stm32_adc_utils.o
                              0x8a47e (size before relaxing)
 .debug_str     0x00090269      0x131 ./Core/Src/stm32f1xx_hal_msp.o
                              0x8affe (size before relaxing)
 .debug_str     0x0009039a      0x138 ./Core/Src/stm32f1xx_it.o
                              0x8a61d (size before relaxing)
 .debug_str     0x000904d2       0x7e ./Core/Src/system_stm32f1xx.o
                              0x89f73 (size before relaxing)
 .debug_str     0x00090550       0x44 ./Core/Startup/startup_stm32f103c8tx.o
                                 0xac (size before relaxing)
 .debug_str     0x00090594      0x378 ./Drivers/STM32F1xx_HAL_Driver/Src/stm32f1xx_hal.o
                              0x8a6a6 (size before relaxing)
 .debug_str     0x0009090c      0x36d ./Drivers/STM32F1xx_HAL_Driver/Src/stm32f1xx_hal_adc.o
                              0x8a657 (size before relaxing)
 .debug_str     0x00090c79      0x2bc ./Drivers/STM32F1xx_HAL_Driver/Src/stm32f1xx_hal_adc_ex.o
                              0x8a627 (size before relaxing)
 .debug_str     0x00090f35      0x470 ./Drivers/STM32F1xx_HAL_Driver/Src/stm32f1xx_hal_can.o
                              0x8a77b (size before relaxing)
 .debug_str     0x000913a5      0x262 ./Drivers/STM32F1xx_HAL_Driver/Src/stm32f1xx_hal_cortex.o
                              0x8a5f2 (size before relaxing)
 .debug_str     0x00091607      0x1e2 ./Drivers/STM32F1xx_HAL_Driver/Src/stm32f1xx_hal_dma.o
                              0x8a31c (size before relaxing)
 .debug_str     0x000917e9      0x2bd ./Drivers/STM32F1xx_HAL_Driver/Src/stm32f1xx_hal_gpio.o
                              0x8a2f9 (size before relaxing)
 .debug_str     0x00091aa6      0xb41 ./Drivers/STM32F1xx_HAL_Driver/Src/stm32f1xx_hal_i2c.o
                              0x8b03a (size before relaxing)
 .debug_str     0x000925e7      0x209 ./Drivers/STM32F1xx_HAL_Driver/Src/stm32f1xx_hal_rcc.o
                              0x8a3a2 (size before relaxing)
 .debug_str     0x000927f0       0x84 ./Drivers/STM32F1xx_HAL_Driver/Src/stm32f1xx_hal_rcc_ex.o
                              0x8a0f2 (size before relaxing)
 .debug_str     0x00092874      0xda5 ./Drivers/STM32F1xx_HAL_Driver/Src/stm32f1xx_hal_tim.o
                              0x8b3a4 (size before relaxing)
 .debug_str     0x00093619      0x493 ./Drivers/STM32F1xx_HAL_Driver/Src/stm32f1xx_hal_tim_ex.o
                              0x8abb0 (size before relaxing)

.comment        0x00000000       0x43
 .comment       0x00000000       0x43 ./Core/Src/functions.o
                                 0x44 (size before relaxing)
 .comment       0x00000043       0x44 ./Core/Src/lmt84.o
 .comment       0x00000043       0x44 ./Core/Src/main.o
 .comment       0x00000043       0x44 ./Core/Src/stm32_adc_utils.o
 .comment       0x00000043       0x44 ./Core/Src/stm32f1xx_hal_msp.o
 .comment       0x00000043       0x44 ./Core/Src/stm32f1xx_it.o
 .comment       0x00000043       0x44 ./Core/Src/system_stm32f1xx.o
 .comment       0x00000043       0x44 ./Drivers/STM32F1xx_HAL_Driver/Src/stm32f1xx_hal.o
 .comment       0x00000043       0x44 ./Drivers/STM32F1xx_HAL_Driver/Src/stm32f1xx_hal_adc.o
 .comment       0x00000043       0x44 ./Drivers/STM32F1xx_HAL_Driver/Src/stm32f1xx_hal_adc_ex.o
 .comment       0x00000043       0x44 ./Drivers/STM32F1xx_HAL_Driver/Src/stm32f1xx_hal_can.o
 .comment       0x00000043       0x44 ./Drivers/STM32F1xx_HAL_Driver/Src/stm32f1xx_hal_cortex.o
 .comment       0x00000043       0x44 ./Drivers/STM32F1xx_HAL_Driver/Src/stm32f1xx_hal_dma.o
 .comment       0x00000043       0x44 ./Drivers/STM32F1xx_HAL_Driver/Src/stm32f1xx_hal_gpio.o
 .comment       0x00000043       0x44 ./Drivers/STM32F1xx_HAL_Driver/Src/stm32f1xx_hal_i2c.o
 .comment       0x00000043       0x44 ./Drivers/STM32F1xx_HAL_Driver/Src/stm32f1xx_hal_rcc.o
 .comment       0x00000043       0x44 ./Drivers/STM32F1xx_HAL_Driver/Src/stm32f1xx_hal_rcc_ex.o
 .comment       0x00000043       0x44 ./Drivers/STM32F1xx_HAL_Driver/Src/stm32f1xx_hal_tim.o
 .comment       0x00000043       0x44 ./Drivers/STM32F1xx_HAL_Driver/Src/stm32f1xx_hal_tim_ex.o

.debug_frame    0x00000000     0x4950
 .debug_frame   0x00000000      0x228 ./Core/Src/functions.o
 .debug_frame   0x00000228       0x60 ./Core/Src/lmt84.o
 .debug_frame   0x00000288      0x1f8 ./Core/Src/main.o
 .debug_frame   0x00000480       0x7c ./Core/Src/stm32_adc_utils.o
 .debug_frame   0x000004fc      0x158 ./Core/Src/stm32f1xx_hal_msp.o
 .debug_frame   0x00000654      0x174 ./Core/Src/stm32f1xx_it.o
 .debug_frame   0x000007c8       0x58 ./Core/Src/system_stm32f1xx.o
 .debug_frame   0x00000820      0x334 ./Drivers/STM32F1xx_HAL_Driver/Src/stm32f1xx_hal.o
 .debug_frame   0x00000b54      0x40c ./Drivers/STM32F1xx_HAL_Driver/Src/stm32f1xx_hal_adc.o
 .debug_frame   0x00000f60      0x200 ./Drivers/STM32F1xx_HAL_Driver/Src/stm32f1xx_hal_adc_ex.o
 .debug_frame   0x00001160      0x5a0 ./Drivers/STM32F1xx_HAL_Driver/Src/stm32f1xx_hal_can.o
 .debug_frame   0x00001700      0x428 ./Drivers/STM32F1xx_HAL_Driver/Src/stm32f1xx_hal_cortex.o
 .debug_frame   0x00001b28      0x208 ./Drivers/STM32F1xx_HAL_Driver/Src/stm32f1xx_hal_dma.o
 .debug_frame   0x00001d30      0x14c ./Drivers/STM32F1xx_HAL_Driver/Src/stm32f1xx_hal_gpio.o
 .debug_frame   0x00001e7c      0xc84 ./Drivers/STM32F1xx_HAL_Driver/Src/stm32f1xx_hal_i2c.o
 .debug_frame   0x00002b00      0x218 ./Drivers/STM32F1xx_HAL_Driver/Src/stm32f1xx_hal_rcc.o
 .debug_frame   0x00002d18       0x80 ./Drivers/STM32F1xx_HAL_Driver/Src/stm32f1xx_hal_rcc_ex.o
 .debug_frame   0x00002d98     0x11b8 ./Drivers/STM32F1xx_HAL_Driver/Src/stm32f1xx_hal_tim.o
 .debug_frame   0x00003f50      0x638 ./Drivers/STM32F1xx_HAL_Driver/Src/stm32f1xx_hal_tim_ex.o
 .debug_frame   0x00004588      0x144 C:/ST/STM32CubeIDE_1.17.0/STM32CubeIDE/plugins/com.st.stm32cube.ide.mcu.externaltools.gnu-tools-for-stm32.12.3.rel1.win32_1.1.0.202410251130/tools/bin/../lib/gcc/arm-none-eabi/12.3.1/../../../../arm-none-eabi/lib/thumb/v7-m/nofp\libc_nano.a(libc_a-findfp.o)
 .debug_frame   0x000046cc       0x20 C:/ST/STM32CubeIDE_1.17.0/STM32CubeIDE/plugins/com.st.stm32cube.ide.mcu.externaltools.gnu-tools-for-stm32.12.3.rel1.win32_1.1.0.202410251130/tools/bin/../lib/gcc/arm-none-eabi/12.3.1/../../../../arm-none-eabi/lib/thumb/v7-m/nofp\libc_nano.a(libc_a-memset.o)
 .debug_frame   0x000046ec       0x20 C:/ST/STM32CubeIDE_1.17.0/STM32CubeIDE/plugins/com.st.stm32cube.ide.mcu.externaltools.gnu-tools-for-stm32.12.3.rel1.win32_1.1.0.202410251130/tools/bin/../lib/gcc/arm-none-eabi/12.3.1/../../../../arm-none-eabi/lib/thumb/v7-m/nofp\libc_nano.a(libc_a-errno.o)
 .debug_frame   0x0000470c       0x2c C:/ST/STM32CubeIDE_1.17.0/STM32CubeIDE/plugins/com.st.stm32cube.ide.mcu.externaltools.gnu-tools-for-stm32.12.3.rel1.win32_1.1.0.202410251130/tools/bin/../lib/gcc/arm-none-eabi/12.3.1/../../../../arm-none-eabi/lib/thumb/v7-m/nofp\libc_nano.a(libc_a-init.o)
 .debug_frame   0x00004738       0x28 C:/ST/STM32CubeIDE_1.17.0/STM32CubeIDE/plugins/com.st.stm32cube.ide.mcu.externaltools.gnu-tools-for-stm32.12.3.rel1.win32_1.1.0.202410251130/tools/bin/../lib/gcc/arm-none-eabi/12.3.1/../../../../arm-none-eabi/lib/thumb/v7-m/nofp\libc_nano.a(libc_a-memcpy-stub.o)
 .debug_frame   0x00004760       0x2c C:/ST/STM32CubeIDE_1.17.0/STM32CubeIDE/plugins/com.st.stm32cube.ide.mcu.externaltools.gnu-tools-for-stm32.12.3.rel1.win32_1.1.0.202410251130/tools/bin/../lib/gcc/arm-none-eabi/12.3.1/../../../../arm-none-eabi/lib/thumb/v7-m/nofp\libm.a(libm_a-wf_sqrt.o)
 .debug_frame   0x0000478c       0x30 C:/ST/STM32CubeIDE_1.17.0/STM32CubeIDE/plugins/com.st.stm32cube.ide.mcu.externaltools.gnu-tools-for-stm32.12.3.rel1.win32_1.1.0.202410251130/tools/bin/../lib/gcc/arm-none-eabi/12.3.1/../../../../arm-none-eabi/lib/thumb/v7-m/nofp\libm.a(libm_a-ef_sqrt.o)
 .debug_frame   0x000047bc       0x4c C:/ST/STM32CubeIDE_1.17.0/STM32CubeIDE/plugins/com.st.stm32cube.ide.mcu.externaltools.gnu-tools-for-stm32.12.3.rel1.win32_1.1.0.202410251130/tools/bin/../lib/gcc/arm-none-eabi/12.3.1/thumb/v7-m/nofp\libgcc.a(_arm_addsubsf3.o)
 .debug_frame   0x00004808       0x38 C:/ST/STM32CubeIDE_1.17.0/STM32CubeIDE/plugins/com.st.stm32cube.ide.mcu.externaltools.gnu-tools-for-stm32.12.3.rel1.win32_1.1.0.202410251130/tools/bin/../lib/gcc/arm-none-eabi/12.3.1/thumb/v7-m/nofp\libgcc.a(_arm_muldivsf3.o)
 .debug_frame   0x00004840       0xc8 C:/ST/STM32CubeIDE_1.17.0/STM32CubeIDE/plugins/com.st.stm32cube.ide.mcu.externaltools.gnu-tools-for-stm32.12.3.rel1.win32_1.1.0.202410251130/tools/bin/../lib/gcc/arm-none-eabi/12.3.1/thumb/v7-m/nofp\libgcc.a(_arm_cmpsf2.o)
 .debug_frame   0x00004908       0x24 C:/ST/STM32CubeIDE_1.17.0/STM32CubeIDE/plugins/com.st.stm32cube.ide.mcu.externaltools.gnu-tools-for-stm32.12.3.rel1.win32_1.1.0.202410251130/tools/bin/../lib/gcc/arm-none-eabi/12.3.1/thumb/v7-m/nofp\libgcc.a(_arm_unordsf2.o)
 .debug_frame   0x0000492c       0x24 C:/ST/STM32CubeIDE_1.17.0/STM32CubeIDE/plugins/com.st.stm32cube.ide.mcu.externaltools.gnu-tools-for-stm32.12.3.rel1.win32_1.1.0.202410251130/tools/bin/../lib/gcc/arm-none-eabi/12.3.1/thumb/v7-m/nofp\libgcc.a(_arm_fixunssfsi.o)

.debug_line_str
                0x00000000       0x90
 .debug_line_str
                0x00000000       0x90 ./Core/Startup/startup_stm32f103c8tx.o
