../Core/Src/main.c:114:5:main	8	static
../Core/Src/main.c:189:6:SystemClock_Config	72	static
../Core/Src/main.c:229:13:MX_CAN_Init	8	static
../Core/Src/main.c:266:13:MX_I2C1_Init	32	static
../Core/Src/main.c:307:13:MX_GPIO_Init	40	static
../Core/Src/main.c:340:6:ADS1119_Reset	32	static
../Core/Src/main.c:348:6:ADS1119_Start	32	static
../Core/Src/main.c:358:9:ADS1119_Read	40	static
../Core/Src/main.c:394:6:Analog_Read_ALL	8	static
../Core/Src/main.c:449:6:ConvertAllAdcToMillivolts	16	static
../Core/Src/main.c:466:6:CAN_Config	4	static
../Core/Src/main.c:478:9:ADS1119_ConvertToMillivolts	16	static
../Core/Src/main.c:486:6:ConvertHeightToDistance	8	static
../Core/Src/main.c:498:6:Error_Handler	4	static
