../Core/Src/main.c:150:5:main	8	static
../Core/Src/main.c:229:6:SystemClock_Config	72	static
../Core/Src/main.c:269:13:MX_CAN_Init	8	static
../Core/Src/main.c:306:13:MX_I2C1_Init	32	static
../Core/Src/main.c:347:13:MX_GPIO_Init	40	static
../Core/Src/main.c:380:6:ADS1119_Reset	32	static
../Core/Src/main.c:388:6:ADS1119_Start	32	static
../Core/Src/main.c:398:9:ADS1119_Read	40	static
../Core/Src/main.c:434:6:Analog_Read_ALL	8	static
../Core/Src/main.c:489:6:ConvertAllAdcToMillivolts	16	static
../Core/Src/main.c:506:6:CAN_Config	4	static
../Core/Src/main.c:518:9:ADS1119_ConvertToMillivolts	16	static
../Core/Src/main.c:526:6:ConvertMilliVoltsToDistance	8	static
../Core/Src/main.c:531:6:ConvertMilliVoltsToTemperature	16	static
../Core/Src/main.c:538:7:LookupWithInterpolation	32	static
../Core/Src/main.c:564:6:SendAllToCan	4	static
../Core/Src/main.c:576:6:Error_Handler	4	static
