../Core/Src/main.c:195:5:main	16	static
../Core/Src/main.c:300:6:SystemClock_Config	72	static
../Core/Src/main.c:340:13:MX_CAN_Init	8	static
../Core/Src/main.c:377:13:MX_I2C1_Init	32	static
../Core/Src/main.c:418:13:MX_TIM1_Init	32	static
../Core/Src/main.c:464:13:MX_GPIO_Init	40	static
../Core/Src/main.c:497:6:ADS1119_Reset	32	static
../Core/Src/main.c:505:6:ADS1119_Start	32	static
../Core/Src/main.c:511:6:ADS1119_Config	32	static
../Core/Src/main.c:530:9:ADS1119_Read	40	static
../Core/Src/main.c:546:6:Analog_Read_ALL	8	static
../Core/Src/main.c:616:6:SetMUX	24	static,ignoring_inline_asm
../Core/Src/main.c:636:6:ConvertAllAdcToMillivolts	16	static
../Core/Src/main.c:653:9:ADS1119_ConvertToMillivolts	16	static
../Core/Src/main.c:659:6:ConvertMilliVoltsToDistance	8	static
../Core/Src/main.c:664:6:ConvertMilliVoltsToTemperature	16	static
../Core/Src/main.c:671:7:LookupWithInterpolation	32	static
../Core/Src/main.c:697:6:SendMainDataToCan	8	static
../Core/Src/main.c:732:6:HAL_TIM_PeriodElapsedCallback	16	static
../Core/Src/main.c:766:6:Error_Handler	4	static
