../Drivers/CMSIS/Include/core_cm3.h:1762:34:__NVIC_SystemReset	4	static,ignoring_inline_asm
../Core/Src/main.c:199:5:main	16	static
../Core/Src/main.c:304:6:SystemClock_Config	72	static
../Core/Src/main.c:344:13:MX_CAN_Init	8	static
../Core/Src/main.c:381:13:MX_I2C1_Init	32	static
../Core/Src/main.c:422:13:MX_TIM1_Init	32	static
../Core/Src/main.c:468:13:MX_GPIO_Init	40	static
../Core/Src/main.c:501:6:ADS1119_Reset	32	static
../Core/Src/main.c:509:6:ADS1119_Start	32	static
../Core/Src/main.c:515:6:ADS1119_Config	32	static
../Core/Src/main.c:534:9:ADS1119_Read	40	static
../Core/Src/main.c:550:6:Analog_Read_ALL	8	static
../Core/Src/main.c:620:6:SetMUX	24	static,ignoring_inline_asm
../Core/Src/main.c:640:6:ConvertAllAdcToMillivolts	16	static
../Core/Src/main.c:657:9:ADS1119_ConvertToMillivolts	16	static
../Core/Src/main.c:663:6:ConvertMilliVoltsToDistance	8	static
../Core/Src/main.c:668:6:ConvertMilliVoltsToTemperature	16	static
../Core/Src/main.c:675:7:LookupWithInterpolation	32	static
../Core/Src/main.c:701:6:SendMainDataToCan	8	static
../Core/Src/main.c:735:6:HAL_TIM_PeriodElapsedCallback	16	static
../Core/Src/main.c:769:6:Error_Handler	8	static
