../Core/Src/main.c:182:5:main	16	static
../Core/Src/main.c:285:6:SystemClock_Config	72	static
../Core/Src/main.c:325:13:MX_CAN_Init	8	static
../Core/Src/main.c:362:13:MX_I2C1_Init	32	static
../Core/Src/main.c:403:13:MX_TIM1_Init	32	static
../Core/Src/main.c:449:13:MX_GPIO_Init	40	static
../Core/Src/main.c:482:6:ADS1119_Reset	32	static
../Core/Src/main.c:490:6:ADS1119_Start	32	static
../Core/Src/main.c:496:6:ADS1119_Config	32	static
../Core/Src/main.c:515:9:ADS1119_Read	40	static
../Core/Src/main.c:531:6:Analog_Read_ALL	8	static
../Core/Src/main.c:601:6:SetMUX	24	static,ignoring_inline_asm
../Core/Src/main.c:621:6:ConvertAllAdcToMillivolts	16	static
../Core/Src/main.c:638:9:ADS1119_ConvertToMillivolts	16	static
../Core/Src/main.c:646:6:ConvertMilliVoltsToDistance	8	static
../Core/Src/main.c:651:6:ConvertMilliVoltsToTemperature	16	static
../Core/Src/main.c:658:7:LookupWithInterpolation	32	static
../Core/Src/main.c:684:6:SendMainDataToCan	8	static
../Core/Src/main.c:719:6:HAL_TIM_PeriodElapsedCallback	16	static
../Core/Src/main.c:753:6:Error_Handler	4	static
