../Core/Src/main.c:110:5:main	8	static
../Core/Src/main.c:181:6:SystemClock_Config	72	static
../Core/Src/main.c:221:13:MX_CAN_Init	8	static
../Core/Src/main.c:258:13:MX_I2C1_Init	32	static
../Core/Src/main.c:299:13:MX_GPIO_Init	40	static
../Core/Src/main.c:332:6:ADS1119_Reset	32	static
../Core/Src/main.c:340:6:ADS1119_Start	32	static
../Core/Src/main.c:350:9:ADS1119_Read	40	static
../Core/Src/main.c:386:6:Analog_Read_ALL	8	static
../Core/Src/main.c:443:6:CAN_Config	4	static
../Core/Src/main.c:463:6:Error_Handler	4	static
