../Core/Src/main.c:153:5:main	248	static
../Core/Src/main.c:554:6:SystemClock_Config	96	static
../Core/Src/main.c:604:13:MX_ADC1_Init	32	static
../Core/Src/main.c:671:13:MX_CAN1_Init	8	static
../Core/Src/main.c:708:13:MX_I2C1_Init	8	static
../Core/Src/main.c:760:13:MX_TIM1_Init	40	static
../Core/Src/main.c:807:13:MX_USART2_UART_Init	8	static
../Core/Src/main.c:840:13:MX_DMA_Init	16	static
../Core/Src/main.c:858:13:MX_GPIO_Init	40	static
../Core/Src/main.c:939:6:HAL_TIM_PeriodElapsedCallback	16	static
../Core/Src/main.c:956:6:Error_Handler	8	static,ignoring_inline_asm
